Component: ARM Compiler 5.06 update 6 (build 750) Tool: armlink [4d35ed]

==============================================================================

Section Cross References

    startup_stm32f303xc.o(RESET) refers to startup_stm32f303xc.o(STACK) for __initial_sp
    startup_stm32f303xc.o(RESET) refers to startup_stm32f303xc.o(.text) for Reset_Handler
    startup_stm32f303xc.o(RESET) refers to stm32f3xx_it.o(i.SysTick_Handler) for SysTick_Handler
    startup_stm32f303xc.o(RESET) refers to stm32f3xx_it.o(i.EXTI0_IRQHandler) for EXTI0_IRQHandler
    startup_stm32f303xc.o(RESET) refers to stm32f3xx_it.o(i.EXTI1_IRQHandler) for EXTI1_IRQHandler
    startup_stm32f303xc.o(RESET) refers to stm32f3xx_it.o(i.EXTI2_TSC_IRQHandler) for EXTI2_TSC_IRQHandler
    startup_stm32f303xc.o(RESET) refers to stm32f3xx_it.o(i.EXTI3_IRQHandler) for EXTI3_IRQHandler
    startup_stm32f303xc.o(RESET) refers to stm32f3xx_it.o(i.ADC1_2_IRQHandler) for ADC1_2_IRQHandler
    startup_stm32f303xc.o(RESET) refers to stm32f3xx_it.o(i.EXTI9_5_IRQHandler) for EXTI9_5_IRQHandler
    startup_stm32f303xc.o(RESET) refers to stm32f3xx_it.o(i.TIM2_IRQHandler) for TIM2_IRQHandler
    startup_stm32f303xc.o(RESET) refers to stm32f3xx_it.o(i.TIM3_IRQHandler) for TIM3_IRQHandler
    startup_stm32f303xc.o(RESET) refers to stm32f3xx_it.o(i.USART1_IRQHandler) for USART1_IRQHandler
    startup_stm32f303xc.o(.text) refers to system_stm32f3xx.o(i.SystemInit) for SystemInit
    startup_stm32f303xc.o(.text) refers to entry.o(.ARM.Collect$$$$00000000) for __main
    stm32f3xx_hal_adc_ex.o(i.ADC_ConversionStop) refers to stm32f3xx_hal.o(i.HAL_GetTick) for HAL_GetTick
    stm32f3xx_hal_adc_ex.o(i.ADC_DMAConvCplt) refers to stm32f3xx_hal_adc.o(i.HAL_ADC_ConvCpltCallback) for HAL_ADC_ConvCpltCallback
    stm32f3xx_hal_adc_ex.o(i.ADC_DMAError) refers to stm32f3xx_hal_adc.o(i.HAL_ADC_ErrorCallback) for HAL_ADC_ErrorCallback
    stm32f3xx_hal_adc_ex.o(i.ADC_DMAHalfConvCplt) refers to stm32f3xx_hal_adc.o(i.HAL_ADC_ConvHalfCpltCallback) for HAL_ADC_ConvHalfCpltCallback
    stm32f3xx_hal_adc_ex.o(i.ADC_Disable) refers to stm32f3xx_hal.o(i.HAL_GetTick) for HAL_GetTick
    stm32f3xx_hal_adc_ex.o(i.ADC_Enable) refers to stm32f3xx_hal.o(i.HAL_GetTick) for HAL_GetTick
    stm32f3xx_hal_adc_ex.o(i.HAL_ADCEx_Calibration_Start) refers to stm32f3xx_hal_adc_ex.o(i.ADC_Disable) for ADC_Disable
    stm32f3xx_hal_adc_ex.o(i.HAL_ADCEx_Calibration_Start) refers to stm32f3xx_hal.o(i.HAL_GetTick) for HAL_GetTick
    stm32f3xx_hal_adc_ex.o(i.HAL_ADCEx_InjectedConfigChannel) refers to system_stm32f3xx.o(.data) for SystemCoreClock
    stm32f3xx_hal_adc_ex.o(i.HAL_ADCEx_InjectedPollForConversion) refers to stm32f3xx_hal.o(i.HAL_GetTick) for HAL_GetTick
    stm32f3xx_hal_adc_ex.o(i.HAL_ADCEx_InjectedStart) refers to stm32f3xx_hal_adc_ex.o(i.ADC_Enable) for ADC_Enable
    stm32f3xx_hal_adc_ex.o(i.HAL_ADCEx_InjectedStart_IT) refers to stm32f3xx_hal_adc_ex.o(i.ADC_Enable) for ADC_Enable
    stm32f3xx_hal_adc_ex.o(i.HAL_ADCEx_InjectedStop) refers to stm32f3xx_hal_adc_ex.o(i.ADC_ConversionStop) for ADC_ConversionStop
    stm32f3xx_hal_adc_ex.o(i.HAL_ADCEx_InjectedStop) refers to stm32f3xx_hal_adc_ex.o(i.ADC_Disable) for ADC_Disable
    stm32f3xx_hal_adc_ex.o(i.HAL_ADCEx_InjectedStop_IT) refers to stm32f3xx_hal_adc_ex.o(i.ADC_ConversionStop) for ADC_ConversionStop
    stm32f3xx_hal_adc_ex.o(i.HAL_ADCEx_InjectedStop_IT) refers to stm32f3xx_hal_adc_ex.o(i.ADC_Disable) for ADC_Disable
    stm32f3xx_hal_adc_ex.o(i.HAL_ADCEx_MultiModeStart_DMA) refers to stm32f3xx_hal_adc_ex.o(i.ADC_Enable) for ADC_Enable
    stm32f3xx_hal_adc_ex.o(i.HAL_ADCEx_MultiModeStart_DMA) refers to stm32f3xx_hal_dma.o(i.HAL_DMA_Start_IT) for HAL_DMA_Start_IT
    stm32f3xx_hal_adc_ex.o(i.HAL_ADCEx_MultiModeStart_DMA) refers to stm32f3xx_hal_adc_ex.o(i.ADC_DMAConvCplt) for ADC_DMAConvCplt
    stm32f3xx_hal_adc_ex.o(i.HAL_ADCEx_MultiModeStart_DMA) refers to stm32f3xx_hal_adc_ex.o(i.ADC_DMAHalfConvCplt) for ADC_DMAHalfConvCplt
    stm32f3xx_hal_adc_ex.o(i.HAL_ADCEx_MultiModeStart_DMA) refers to stm32f3xx_hal_adc_ex.o(i.ADC_DMAError) for ADC_DMAError
    stm32f3xx_hal_adc_ex.o(i.HAL_ADCEx_MultiModeStop_DMA) refers to stm32f3xx_hal_adc_ex.o(i.ADC_ConversionStop) for ADC_ConversionStop
    stm32f3xx_hal_adc_ex.o(i.HAL_ADCEx_MultiModeStop_DMA) refers to stm32f3xx_hal.o(i.HAL_GetTick) for HAL_GetTick
    stm32f3xx_hal_adc_ex.o(i.HAL_ADCEx_MultiModeStop_DMA) refers to stm32f3xx_hal_dma.o(i.HAL_DMA_Abort) for HAL_DMA_Abort
    stm32f3xx_hal_adc_ex.o(i.HAL_ADCEx_MultiModeStop_DMA) refers to stm32f3xx_hal_adc_ex.o(i.ADC_Disable) for ADC_Disable
    stm32f3xx_hal_adc_ex.o(i.HAL_ADCEx_RegularMultiModeStop_DMA) refers to stm32f3xx_hal_adc_ex.o(i.ADC_ConversionStop) for ADC_ConversionStop
    stm32f3xx_hal_adc_ex.o(i.HAL_ADCEx_RegularMultiModeStop_DMA) refers to stm32f3xx_hal.o(i.HAL_GetTick) for HAL_GetTick
    stm32f3xx_hal_adc_ex.o(i.HAL_ADCEx_RegularMultiModeStop_DMA) refers to stm32f3xx_hal_dma.o(i.HAL_DMA_Abort) for HAL_DMA_Abort
[...]

    ../Drivers/STM32F3xx_HAL_Driver/Src/stm32f3xx_hal.c 0x00000000   Number         0  stm32f3xx_hal.o ABSOLUTE
    ../Drivers/STM32F3xx_HAL_Driver/Src/stm32f3xx_hal_adc.c 0x00000000   Number         0  stm32f3xx_hal_adc.o ABSOLUTE
    ../Drivers/STM32F3xx_HAL_Driver/Src/stm32f3xx_hal_adc_ex.c 0x00000000   Number         0  stm32f3xx_hal_adc_ex.o ABSOLUTE
    ../Drivers/STM32F3xx_HAL_Driver/Src/stm32f3xx_hal_cortex.c 0x00000000   Number         0  stm32f3xx_hal_cortex.o ABSOLUTE
    ../Drivers/STM32F3xx_HAL_Driver/Src/stm32f3xx_hal_dma.c 0x00000000   Number         0  stm32f3xx_hal_dma.o ABSOLUTE
    ../Drivers/STM32F3xx_HAL_Driver/Src/stm32f3xx_hal_flash.c 0x00000000   Number         0  stm32f3xx_hal_flash.o ABSOLUTE
    ../Drivers/STM32F3xx_HAL_Driver/Src/stm32f3xx_hal_flash_ex.c 0x00000000   Number         0  stm32f3xx_hal_flash_ex.o ABSOLUTE
    ../Drivers/STM32F3xx_HAL_Driver/Src/stm32f3xx_hal_gpio.c 0x00000000   Number         0  stm32f3xx_hal_gpio.o ABSOLUTE
    ../Drivers/STM32F3xx_HAL_Driver/Src/stm32f3xx_hal_i2c.c 0x00000000   Number         0  stm32f3xx_hal_i2c.o ABSOLUTE
    ../Drivers/STM32F3xx_HAL_Driver/Src/stm32f3xx_hal_i2c_ex.c 0x00000000   Number         0  stm32f3xx_hal_i2c_ex.o ABSOLUTE
    ../Drivers/STM32F3xx_HAL_Driver/Src/stm32f3xx_hal_pcd.c 0x00000000   Number         0  stm32f3xx_hal_pcd.o ABSOLUTE
    ../Drivers/STM32F3xx_HAL_Driver/Src/stm32f3xx_hal_pcd_ex.c 0x00000000   Number         0  stm32f3xx_hal_pcd_ex.o ABSOLUTE
    ../Drivers/STM32F3xx_HAL_Driver/Src/stm32f3xx_hal_pwr.c 0x00000000   Number         0  stm32f3xx_hal_pwr.o ABSOLUTE
    ../Drivers/STM32F3xx_HAL_Driver/Src/stm32f3xx_hal_pwr_ex.c 0x00000000   Number         0  stm32f3xx_hal_pwr_ex.o ABSOLUTE
    ../Drivers/STM32F3xx_HAL_Driver/Src/stm32f3xx_hal_rcc.c 0x00000000   Number         0  stm32f3xx_hal_rcc.o ABSOLUTE
    ../Drivers/STM32F3xx_HAL_Driver/Src/stm32f3xx_hal_rcc_ex.c 0x00000000   Number         0  stm32f3xx_hal_rcc_ex.o ABSOLUTE
    ../Drivers/STM32F3xx_HAL_Driver/Src/stm32f3xx_hal_spi.c 0x00000000   Number         0  stm32f3xx_hal_spi.o ABSOLUTE
    ../Drivers/STM32F3xx_HAL_Driver/Src/stm32f3xx_hal_spi_ex.c 0x00000000   Number         0  stm32f3xx_hal_spi_ex.o ABSOLUTE
    ../Drivers/STM32F3xx_HAL_Driver/Src/stm32f3xx_hal_tim.c 0x00000000   Number         0  stm32f3xx_hal_tim.o ABSOLUTE
    ../Drivers/STM32F3xx_HAL_Driver/Src/stm32f3xx_hal_tim_ex.c 0x00000000   Number         0  stm32f3xx_hal_tim_ex.o ABSOLUTE
    ../Drivers/STM32F3xx_HAL_Driver/Src/stm32f3xx_hal_uart.c 0x00000000   Number         0  stm32f3xx_hal_uart.o ABSOLUTE
    ../Drivers/STM32F3xx_HAL_Driver/Src/stm32f3xx_hal_uart_ex.c 0x00000000   Number         0  stm32f3xx_hal_uart_ex.o ABSOLUTE
    ../Src/main.c                            0x00000000   Number         0  main.o ABSOLUTE
    ../Src/stm32f3xx_hal_msp.c               0x00000000   Number         0  stm32f3xx_hal_msp.o ABSOLUTE
    ../Src/stm32f3xx_it.c                    0x00000000   Number         0  stm32f3xx_it.o ABSOLUTE
    ../Src/system_stm32f3xx.c                0x00000000   Number         0  system_stm32f3xx.o ABSOLUTE
    ../clib/microlib/division.c              0x00000000   Number         0  uidiv.o ABSOLUTE
    ../clib/microlib/division.c              0x00000000   Number         0  uldiv.o ABSOLUTE
    ../clib/microlib/init/entry.s            0x00000000   Number         0  entry11b.o ABSOLUTE
    ../clib/microlib/init/entry.s            0x00000000   Number         0  entry10b.o ABSOLUTE
    ../clib/microlib/init/entry.s            0x00000000   Number         0  entry10a.o ABSOLUTE
    ../clib/microlib/init/entry.s            0x00000000   Number         0  entry.o ABSOLUTE
    ../clib/microlib/init/entry.s            0x00000000   Number         0  entry9b.o ABSOLUTE
    ../clib/microlib/init/entry.s            0x00000000   Number         0  entry5.o ABSOLUTE
    ../clib/microlib/init/entry.s            0x00000000   Number         0  entry9a.o ABSOLUTE
    ../clib/microlib/init/entry.s            0x00000000   Number         0  entry8b.o ABSOLUTE
    ../clib/microlib/init/entry.s            0x00000000   Number         0  entry8a.o ABSOLUTE
    ../clib/microlib/init/entry.s            0x00000000   Number         0  entry7b.o ABSOLUTE
    ../clib/microlib/init/entry.s            0x00000000   Number         0  entry7a.o ABSOLUTE
    ../clib/microlib/init/entry.s            0x00000000   Number         0  entry2.o ABSOLUTE
    ../clib/microlib/init/entry.s            0x00000000   Number         0  entry11a.o ABSOLUTE
    ../clib/microlib/longlong.c              0x00000000   Number         0  llsshr.o ABSOLUTE
    ../clib/microlib/longlong.c              0x00000000   Number         0  llushr.o ABSOLUTE
    ../clib/microlib/longlong.c              0x00000000   Number         0  llshl.o ABSOLUTE
    ../clib/microlib/printf/printf.c         0x00000000   Number         0  printf0.o ABSOLUTE
    ../clib/microlib/printf/printf.c         0x00000000   Number         0  printf1.o ABSOLUTE
    ../clib/microlib/printf/printf.c         0x00000000   Number         0  printf2.o ABSOLUTE
    ../clib/microlib/printf/printf.c         0x00000000   Number         0  printf3.o ABSOLUTE
    ../clib/microlib/printf/printf.c         0x00000000   Number         0  printf4.o ABSOLUTE
    ../clib/microlib/printf/printf.c         0x00000000   Number         0  printf5.o ABSOLUTE
    ../clib/microlib/printf/printf.c         0x00000000   Number         0  printf6.o ABSOLUTE
    ../clib/microlib/printf/printf.c         0x00000000   Number         0  printf7.o ABSOLUTE
    ../clib/microlib/printf/printf.c         0x00000000   Number         0  printf8.o ABSOLUTE
    ../clib/microlib/printf/printf.c         0x00000000   Number         0  printfa.o ABSOLUTE
    ../clib/microlib/printf/printf.c         0x00000000   Number         0  printfb.o ABSOLUTE
    ../clib/microlib/printf/stubs.s          0x00000000   Number         0  stubs.o ABSOLUTE
    ../clib/microlib/stdio/fputc.c           0x00000000   Number         0  fputc.o ABSOLUTE
    ../clib/microlib/stdio/semi.s            0x00000000   Number         0  semi.o ABSOLUTE
    ../clib/microlib/stdio/streams.c         0x00000000   Number         0  stdout.o ABSOLUTE
    ../clib/microlib/string/memcpy.c         0x00000000   Number         0  memcpyb.o ABSOLUTE
    ../clib/microlib/string/memcpy.c         0x00000000   Number         0  memcpya.o ABSOLUTE
    ../clib/microlib/string/memset.c         0x00000000   Number         0  memseta.o ABSOLUTE
    ../clib/microlib/string/strlen.c         0x00000000   Number         0  strlen.o ABSOLUTE
    ../clib/microlib/stubs.s                 0x00000000   Number         0  iusefp.o ABSOLUTE
    ../clib/microlib/stubs.s                 0x00000000   Number         0  iusesemip.o ABSOLUTE
    ../fplib/microlib/fpadd.c                0x00000000   Number         0  dadd.o ABSOLUTE
    ../fplib/microlib/fpdiv.c                0x00000000   Number         0  ddiv.o ABSOLUTE
    ../fplib/microlib/fpepilogue.c           0x00000000   Number         0  depilogue.o ABSOLUTE
    ../fplib/microlib/fpfix.c                0x00000000   Number         0  dfixul.o ABSOLUTE
    ../fplib/microlib/fpmul.c                0x00000000   Number         0  dmul.o ABSOLUTE
    ..\Drivers\STM32F3xx_HAL_Driver\Src\stm32f3xx_hal.c 0x00000000   Number         0  stm32f3xx_hal.o ABSOLUTE
    ..\Drivers\STM32F3xx_HAL_Driver\Src\stm32f3xx_hal_adc.c 0x00000000   Number         0  stm32f3xx_hal_adc.o ABSOLUTE
    ..\Drivers\STM32F3xx_HAL_Driver\Src\stm32f3xx_hal_adc_ex.c 0x00000000   Number         0  stm32f3xx_hal_adc_ex.o ABSOLUTE
    ..\Drivers\STM32F3xx_HAL_Driver\Src\stm32f3xx_hal_cortex.c 0x00000000   Number         0  stm32f3xx_hal_cortex.o ABSOLUTE
    ..\Drivers\STM32F3xx_HAL_Driver\Src\stm32f3xx_hal_dma.c 0x00000000   Number         0  stm32f3xx_hal_dma.o ABSOLUTE
    ..\Drivers\STM32F3xx_HAL_Driver\Src\stm32f3xx_hal_flash.c 0x00000000   Number         0  stm32f3xx_hal_flash.o ABSOLUTE
    ..\Drivers\STM32F3xx_HAL_Driver\Src\stm32f3xx_hal_flash_ex.c 0x00000000   Number         0  stm32f3xx_hal_flash_ex.o ABSOLUTE
    ..\Drivers\STM32F3xx_HAL_Driver\Src\stm32f3xx_hal_gpio.c 0x00000000   Number         0  stm32f3xx_hal_gpio.o ABSOLUTE
    ..\Drivers\STM32F3xx_HAL_Driver\Src\stm32f3xx_hal_i2c.c 0x00000000   Number         0  stm32f3xx_hal_i2c.o ABSOLUTE
    ..\Drivers\STM32F3xx_HAL_Driver\Src\stm32f3xx_hal_i2c_ex.c 0x00000000   Number         0  stm32f3xx_hal_i2c_ex.o ABSOLUTE
    ..\Drivers\STM32F3xx_HAL_Driver\Src\stm32f3xx_hal_pcd.c 0x00000000   Number         0  stm32f3xx_hal_pcd.o ABSOLUTE
    ..\Drivers\STM32F3xx_HAL_Driver\Src\stm32f3xx_hal_pcd_ex.c 0x00000000   Number         0  stm32f3xx_hal_pcd_ex.o ABSOLUTE
    ..\Drivers\STM32F3xx_HAL_Driver\Src\stm32f3xx_hal_pwr.c 0x00000000   Number         0  stm32f3xx_hal_pwr.o ABSOLUTE
    ..\Drivers\STM32F3xx_HAL_Driver\Src\stm32f3xx_hal_pwr_ex.c 0x00000000   Number         0  stm32f3xx_hal_pwr_ex.o ABSOLUTE
    ..\Drivers\STM32F3xx_HAL_Driver\Src\stm32f3xx_hal_rcc.c 0x00000000   Number         0  stm32f3xx_hal_rcc.o ABSOLUTE
    ..\Drivers\STM32F3xx_HAL_Driver\Src\stm32f3xx_hal_rcc_ex.c 0x00000000   Number         0  stm32f3xx_hal_rcc_ex.o ABSOLUTE
    ..\Drivers\STM32F3xx_HAL_Driver\Src\stm32f3xx_hal_spi.c 0x00000000   Number         0  stm32f3xx_hal_spi.o ABSOLUTE
    ..\Drivers\STM32F3xx_HAL_Driver\Src\stm32f3xx_hal_spi_ex.c 0x00000000   Number         0  stm32f3xx_hal_spi_ex.o ABSOLUTE
    ..\Drivers\STM32F3xx_HAL_Driver\Src\stm32f3xx_hal_tim.c 0x00000000   Number         0  stm32f3xx_hal_tim.o ABSOLUTE
    ..\Drivers\STM32F3xx_HAL_Driver\Src\stm32f3xx_hal_tim_ex.c 0x00000000   Number         0  stm32f3xx_hal_tim_ex.o ABSOLUTE
    ..\Drivers\STM32F3xx_HAL_Driver\Src\stm32f3xx_hal_uart.c 0x00000000   Number         0  stm32f3xx_hal_uart.o ABSOLUTE
    ..\Drivers\STM32F3xx_HAL_Driver\Src\stm32f3xx_hal_uart_ex.c 0x00000000   Number         0  stm32f3xx_hal_uart_ex.o ABSOLUTE
    ..\Src\main.c                            0x00000000   Number         0  main.o ABSOLUTE
    ..\Src\stm32f3xx_hal_msp.c               0x00000000   Number         0  stm32f3xx_hal_msp.o ABSOLUTE
    ..\Src\stm32f3xx_it.c                    0x00000000   Number         0  stm32f3xx_it.o ABSOLUTE
    ..\Src\system_stm32f3xx.c                0x00000000   Number         0  system_stm32f3xx.o ABSOLUTE
    C:\Users\mh\Desktop\d\STM32LiquidCrystal-master\src\LiquidCrystal.c 0x00000000   Number         0  liquidcrystal.o ABSOLUTE
    C:\\Users\\mh\\Desktop\\d\\STM32LiquidCrystal-master\\src\\LiquidCrystal.c 0x00000000   Number         0  liquidcrystal.o ABSOLUTE
    cdrcmple.s                               0x00000000   Number         0  cdrcmple.o ABSOLUTE
    dc.s                                     0x00000000   Number         0  dc.o ABSOLUTE
    handlers.s                               0x00000000   Number         0  handlers.o ABSOLUTE
    init.s                                   0x00000000   Number         0  init.o ABSOLUTE
    startup_stm32f303xc.s                    0x00000000   Number         0  startup_stm32f303xc.o ABSOLUTE
    RESET                                    0x08000000   Section      392  startup_stm32f303xc.o(RESET)
    .ARM.Collect$$$$00000000                 0x08000188   Section        0  entry.o(.ARM.Collect$$$$00000000)
    .ARM.Collect$$$$00000001                 0x08000188   Section        4  entry2.o(.ARM.Collect$$$$00000001)
    .ARM.Collect$$$$00000004                 0x0800018c   Section        4  entry5.o(.ARM.Collect$$$$00000004)
    .ARM.Collect$$$$00000008                 0x08000190   Section        0  entry7b.o(.ARM.Collect$$$$00000008)
    .ARM.Collect$$$$0000000A                 0x08000190   Section        0  entry8b.o(.ARM.Collect$$$$0000000A)
    .ARM.Collect$$$$0000000B                 0x08000190   Section        8  entry9a.o(.ARM.Collect$$$$0000000B)
    .ARM.Collect$$$$0000000D                 0x08000198   Section        0  entry10a.o(.ARM.Collect$$$$0000000D)
    .ARM.Collect$$$$0000000F                 0x08000198   Section        0  entry11a.o(.ARM.Collect$$$$0000000F)
    .ARM.Collect$$$$00002712                 0x08000198   Section        4  entry2.o(.ARM.Collect$$$$00002712)
    __lit__00000000                          0x08000198   Data           4  entry2.o(.ARM.Collect$$$$00002712)
    .text                                    0x0800019c   Section       36  startup_stm32f303xc.o(.text)
    $v0                                      0x0800019c   Number         0  startup_stm32f303xc.o(.text)
    .text                                    0x080001c0   Section        0  memcpya.o(.text)
    .text                                    0x080001e4   Section        0  memseta.o(.text)
    .text                                    0x08000208   Section        0  strlen.o(.text)
    .text                                    0x08000218   Section       36  init.o(.text)
    i.ADC1_2_IRQHandler                      0x0800023c   Section        0  stm32f3xx_it.o(i.ADC1_2_IRQHandler)
    i.ADC_Disable                            0x08000258   Section        0  stm32f3xx_hal_adc_ex.o(i.ADC_Disable)
    ADC_Disable                              0x08000259   Thumb Code    98  stm32f3xx_hal_adc_ex.o(i.ADC_Disable)
    i.ADC_Enable                             0x080002bc   Section        0  stm32f3xx_hal_adc_ex.o(i.ADC_Enable)
    ADC_Enable                               0x080002bd   Thumb Code    92  stm32f3xx_hal_adc_ex.o(i.ADC_Enable)
    i.EXTI0_IRQHandler                       0x0800031c   Section        0  stm32f3xx_it.o(i.EXTI0_IRQHandler)
    i.EXTI1_IRQHandler                       0x08000388   Section        0  stm32f3xx_it.o(i.EXTI1_IRQHandler)
    i.EXTI2_TSC_IRQHandler                   0x08000468   Section        0  stm32f3xx_it.o(i.EXTI2_TSC_IRQHandler)
    i.EXTI3_IRQHandler                       0x0800055c   Section        0  stm32f3xx_it.o(i.EXTI3_IRQHandler)
    i.EXTI9_5_IRQHandler                     0x0800063c   Section        0  stm32f3xx_it.o(i.EXTI9_5_IRQHandler)
    i.HAL_ADCEx_InjectedConvCpltCallback     0x0800071c   Section        0  stm32f3xx_hal_adc_ex.o(i.HAL_ADCEx_InjectedConvCpltCallback)
    i.HAL_ADCEx_InjectedQueueOverflowCallback 0x0800071e   Section        0  stm32f3xx_hal_adc_ex.o(i.HAL_ADCEx_InjectedQueueOverflowCallback)
    i.HAL_ADCEx_LevelOutOfWindow2Callback    0x08000720   Section        0  stm32f3xx_hal_adc_ex.o(i.HAL_ADCEx_LevelOutOfWindow2Callback)
    i.HAL_ADCEx_LevelOutOfWindow3Callback    0x08000722   Section        0  stm32f3xx_hal_adc_ex.o(i.HAL_ADCEx_LevelOutOfWindow3Callback)
    i.HAL_ADCEx_MultiModeConfigChannel       0x08000724   Section        0  stm32f3xx_hal_adc_ex.o(i.HAL_ADCEx_MultiModeConfigChannel)
    i.HAL_ADC_ConfigChannel                  0x08000838   Section        0  stm32f3xx_hal_adc_ex.o(i.HAL_ADC_ConfigChannel)
    i.HAL_ADC_ConvCpltCallback               0x08000bcc   Section        0  stm32f3xx_hal_adc.o(i.HAL_ADC_ConvCpltCallback)
    i.HAL_ADC_ErrorCallback                  0x08000bce   Section        0  stm32f3xx_hal_adc.o(i.HAL_ADC_ErrorCallback)
    i.HAL_ADC_GetValue                       0x08000bd0   Section        0  stm32f3xx_hal_adc_ex.o(i.HAL_ADC_GetValue)
    i.HAL_ADC_IRQHandler                     0x08000bd8   Section        0  stm32f3xx_hal_adc_ex.o(i.HAL_ADC_IRQHandler)
    i.HAL_ADC_Init                           0x08000f00   Section        0  stm32f3xx_hal_adc_ex.o(i.HAL_ADC_Init)
    i.HAL_ADC_LevelOutOfWindowCallback       0x08001148   Section        0  stm32f3xx_hal_adc.o(i.HAL_ADC_LevelOutOfWindowCallback)
    i.HAL_ADC_MspInit                        0x0800114c   Section        0  stm32f3xx_hal_msp.o(i.HAL_ADC_MspInit)
    i.HAL_ADC_Start                          0x080011d0   Section        0  stm32f3xx_hal_adc_ex.o(i.HAL_ADC_Start)
    i.HAL_DMA_Abort_IT                       0x08001320   Section        0  stm32f3xx_hal_dma.o(i.HAL_DMA_Abort_IT)
    i.HAL_Delay                              0x0800136c   Section        0  stm32f3xx_hal.o(i.HAL_Delay)
    i.HAL_GPIO_EXTI_Callback                 0x08001390   Section        0  stm32f3xx_hal_gpio.o(i.HAL_GPIO_EXTI_Callback)
    i.HAL_GPIO_EXTI_IRQHandler               0x08001394   Section        0  stm32f3xx_hal_gpio.o(i.HAL_GPIO_EXTI_IRQHandler)
    i.HAL_GPIO_Init                          0x080013ac   Section        0  stm32f3xx_hal_gpio.o(i.HAL_GPIO_Init)
    i.HAL_GPIO_ReadPin                       0x08001534   Section        0  stm32f3xx_hal_gpio.o(i.HAL_GPIO_ReadPin)
    i.HAL_GPIO_WritePin                      0x0800153e   Section        0  stm32f3xx_hal_gpio.o(i.HAL_GPIO_WritePin)
    i.HAL_GetTick                            0x08001548   Section        0  stm32f3xx_hal.o(i.HAL_GetTick)
    i.HAL_I2CEx_ConfigAnalogFilter           0x08001554   Section        0  stm32f3xx_hal_i2c_ex.o(i.HAL_I2CEx_ConfigAnalogFilter)
    i.HAL_I2CEx_ConfigDigitalFilter          0x080015aa   Section        0  stm32f3xx_hal_i2c_ex.o(i.HAL_I2CEx_ConfigDigitalFilter)
    i.HAL_I2C_Init                           0x080015fc   Section        0  stm32f3xx_hal_i2c.o(i.HAL_I2C_Init)
    i.HAL_I2C_MspInit                        0x080016b4   Section        0  stm32f3xx_hal_msp.o(i.HAL_I2C_MspInit)
    i.HAL_IncTick                            0x08001700   Section        0  stm32f3xx_hal.o(i.HAL_IncTick)
    i.HAL_Init                               0x08001710   Section        0  stm32f3xx_hal.o(i.HAL_Init)
    i.HAL_InitTick                           0x08001734   Section        0  stm32f3xx_hal.o(i.HAL_InitTick)
    i.HAL_MspInit                            0x08001774   Section        0  stm32f3xx_hal_msp.o(i.HAL_MspInit)
    i.HAL_NVIC_EnableIRQ                     0x080017e4   Section        0  stm32f3xx_hal_cortex.o(i.HAL_NVIC_EnableIRQ)
    i.HAL_NVIC_SetPriority                   0x080017fc   Section        0  stm32f3xx_hal_cortex.o(i.HAL_NVIC_SetPriority)
    i.HAL_NVIC_SetPriorityGrouping           0x0800183c   Section        0  stm32f3xx_hal_cortex.o(i.HAL_NVIC_SetPriorityGrouping)
    i.HAL_PCD_Init                           0x08001860   Section        0  stm32f3xx_hal_pcd.o(i.HAL_PCD_Init)
    i.HAL_PCD_MspInit                        0x08001908   Section        0  stm32f3xx_hal_msp.o(i.HAL_PCD_MspInit)
    i.HAL_RCCEx_PeriphCLKConfig              0x08001954   Section        0  stm32f3xx_hal_rcc_ex.o(i.HAL_RCCEx_PeriphCLKConfig)
    i.HAL_RCC_ClockConfig                    0x08001b6c   Section        0  stm32f3xx_hal_rcc.o(i.HAL_RCC_ClockConfig)
    i.HAL_RCC_GetHCLKFreq                    0x08001cf4   Section        0  stm32f3xx_hal_rcc.o(i.HAL_RCC_GetHCLKFreq)
    i.HAL_RCC_GetPCLK1Freq                   0x08001d00   Section        0  stm32f3xx_hal_rcc.o(i.HAL_RCC_GetPCLK1Freq)
    i.HAL_RCC_GetPCLK2Freq                   0x08001d30   Section        0  stm32f3xx_hal_rcc.o(i.HAL_RCC_GetPCLK2Freq)
    i.HAL_RCC_GetSysClockFreq                0x08001d60   Section        0  stm32f3xx_hal_rcc.o(i.HAL_RCC_GetSysClockFreq)
    i.HAL_RCC_OscConfig                      0x08001dc4   Section        0  stm32f3xx_hal_rcc.o(i.HAL_RCC_OscConfig)
    i.HAL_SPI_Init                           0x08002370   Section        0  stm32f3xx_hal_spi.o(i.HAL_SPI_Init)
    i.HAL_SPI_MspInit                        0x08002428   Section        0  stm32f3xx_hal_msp.o(i.HAL_SPI_MspInit)
    i.HAL_SYSTICK_CLKSourceConfig            0x08002470   Section        0  stm32f3xx_hal_cortex.o(i.HAL_SYSTICK_CLKSourceConfig)
    i.HAL_SYSTICK_Callback                   0x08002488   Section        0  stm32f3xx_hal_cortex.o(i.HAL_SYSTICK_Callback)
    i.HAL_SYSTICK_Config                     0x0800248a   Section        0  stm32f3xx_hal_cortex.o(i.HAL_SYSTICK_Config)
    i.HAL_SYSTICK_IRQHandler                 0x080024b2   Section        0  stm32f3xx_hal_cortex.o(i.HAL_SYSTICK_IRQHandler)
    i.HAL_TIMEx_Break2Callback               0x080024ba   Section        0  stm32f3xx_hal_tim_ex.o(i.HAL_TIMEx_Break2Callback)
    i.HAL_TIMEx_BreakCallback                0x080024bc   Section        0  stm32f3xx_hal_tim_ex.o(i.HAL_TIMEx_BreakCallback)
    i.HAL_TIMEx_CommutationCallback          0x080024be   Section        0  stm32f3xx_hal_tim_ex.o(i.HAL_TIMEx_CommutationCallback)
    i.HAL_TIMEx_MasterConfigSynchronization  0x080024c0   Section        0  stm32f3xx_hal_tim_ex.o(i.HAL_TIMEx_MasterConfigSynchronization)
    i.HAL_TIM_Base_Init                      0x08002518   Section        0  stm32f3xx_hal_tim.o(i.HAL_TIM_Base_Init)
    i.HAL_TIM_Base_MspInit                   0x08002550   Section        0  stm32f3xx_hal_msp.o(i.HAL_TIM_Base_MspInit)
    i.HAL_TIM_Base_Start_IT                  0x080025b0   Section        0  stm32f3xx_hal_tim.o(i.HAL_TIM_Base_Start_IT)
    i.HAL_TIM_ConfigClockSource              0x080025c8   Section        0  stm32f3xx_hal_tim.o(i.HAL_TIM_ConfigClockSource)
    i.HAL_TIM_IC_CaptureCallback             0x080026c4   Section        0  stm32f3xx_hal_tim.o(i.HAL_TIM_IC_CaptureCallback)
    i.HAL_TIM_IRQHandler                     0x080026c6   Section        0  stm32f3xx_hal_tim.o(i.HAL_TIM_IRQHandler)
    i.HAL_TIM_OC_DelayElapsedCallback        0x0800284a   Section        0  stm32f3xx_hal_tim.o(i.HAL_TIM_OC_DelayElapsedCallback)
    i.HAL_TIM_PWM_PulseFinishedCallback      0x0800284c   Section        0  stm32f3xx_hal_tim.o(i.HAL_TIM_PWM_PulseFinishedCallback)
    i.HAL_TIM_PeriodElapsedCallback          0x0800284e   Section        0  stm32f3xx_hal_tim.o(i.HAL_TIM_PeriodElapsedCallback)
    i.HAL_TIM_TriggerCallback                0x08002850   Section        0  stm32f3xx_hal_tim.o(i.HAL_TIM_TriggerCallback)
    i.HAL_UARTEx_WakeupCallback              0x08002852   Section        0  stm32f3xx_hal_uart_ex.o(i.HAL_UARTEx_WakeupCallback)
    i.HAL_UART_ErrorCallback                 0x08002854   Section        0  stm32f3xx_hal_uart.o(i.HAL_UART_ErrorCallback)
    i.HAL_UART_IRQHandler                    0x08002858   Section        0  stm32f3xx_hal_uart.o(i.HAL_UART_IRQHandler)
    i.HAL_UART_Init                          0x08002998   Section        0  stm32f3xx_hal_uart.o(i.HAL_UART_Init)
    i.HAL_UART_MspInit                       0x08002a04   Section        0  stm32f3xx_hal_msp.o(i.HAL_UART_MspInit)
    i.HAL_UART_RxCpltCallback                0x08002a60   Section        0  stm32f3xx_hal_uart.o(i.HAL_UART_RxCpltCallback)
    i.HAL_UART_Transmit                      0x08002a62   Section        0  stm32f3xx_hal_uart.o(i.HAL_UART_Transmit)
    i.HAL_UART_TxCpltCallback                0x08002b16   Section        0  stm32f3xx_hal_uart.o(i.HAL_UART_TxCpltCallback)
    i.LiquidCrystal                          0x08002b18   Section        0  liquidcrystal.o(i.LiquidCrystal)
    i.MX_ADC1_Init                           0x08002b60   Section        0  main.o(i.MX_ADC1_Init)
    MX_ADC1_Init                             0x08002b61   Thumb Code   102  main.o(i.MX_ADC1_Init)
    i.MX_ADC2_Init                           0x08002bcc   Section        0  main.o(i.MX_ADC2_Init)
    MX_ADC2_Init                             0x08002bcd   Thumb Code    80  main.o(i.MX_ADC2_Init)
    i.MX_GPIO_Init                           0x08002c24   Section        0  main.o(i.MX_GPIO_Init)
    MX_GPIO_Init                             0x08002c25   Thumb Code   450  main.o(i.MX_GPIO_Init)
    i.MX_I2C1_Init                           0x08002e08   Section        0  main.o(i.MX_I2C1_Init)
    MX_I2C1_Init                             0x08002e09   Thumb Code    66  main.o(i.MX_I2C1_Init)
    i.MX_SPI1_Init                           0x08002e58   Section        0  main.o(i.MX_SPI1_Init)
    MX_SPI1_Init                             0x08002e59   Thumb Code    64  main.o(i.MX_SPI1_Init)
    i.MX_TIM2_Init                           0x08002ea0   Section        0  main.o(i.MX_TIM2_Init)
    MX_TIM2_Init                             0x08002ea1   Thumb Code    76  main.o(i.MX_TIM2_Init)
    i.MX_TIM3_Init                           0x08002ef4   Section        0  main.o(i.MX_TIM3_Init)
    MX_TIM3_Init                             0x08002ef5   Thumb Code    74  main.o(i.MX_TIM3_Init)
    i.MX_USART1_UART_Init                    0x08002f48   Section        0  main.o(i.MX_USART1_UART_Init)
    MX_USART1_UART_Init                      0x08002f49   Thumb Code    46  main.o(i.MX_USART1_UART_Init)
    i.NVIC_SetPriority                       0x08002f80   Section        0  stm32f3xx_hal_cortex.o(i.NVIC_SetPriority)
    NVIC_SetPriority                         0x08002f81   Thumb Code    32  stm32f3xx_hal_cortex.o(i.NVIC_SetPriority)
    i.SysTick_Handler                        0x08002fa0   Section        0  stm32f3xx_it.o(i.SysTick_Handler)
    i.SystemClock_Config                     0x08002fb0   Section        0  main.o(i.SystemClock_Config)
    i.SystemInit                             0x08003040   Section        0  system_stm32f3xx.o(i.SystemInit)
    i.TIM2_IRQHandler                        0x080030a8   Section        0  stm32f3xx_it.o(i.TIM2_IRQHandler)
    i.TIM3_IRQHandler                        0x08003294   Section        0  stm32f3xx_it.o(i.TIM3_IRQHandler)
    i.TIM_Base_SetConfig                     0x080032a8   Section        0  stm32f3xx_hal_tim.o(i.TIM_Base_SetConfig)
    i.TIM_ETR_SetConfig                      0x08003358   Section        0  stm32f3xx_hal_tim.o(i.TIM_ETR_SetConfig)
    i.TIM_ITRx_SetConfig                     0x0800336c   Section        0  stm32f3xx_hal_tim.o(i.TIM_ITRx_SetConfig)
    TIM_ITRx_SetConfig                       0x0800336d   Thumb Code    16  stm32f3xx_hal_tim.o(i.TIM_ITRx_SetConfig)
    i.TIM_TI1_ConfigInputStage               0x0800337c   Section        0  stm32f3xx_hal_tim.o(i.TIM_TI1_ConfigInputStage)
    TIM_TI1_ConfigInputStage                 0x0800337d   Thumb Code    34  stm32f3xx_hal_tim.o(i.TIM_TI1_ConfigInputStage)
    i.TIM_TI2_ConfigInputStage               0x0800339e   Section        0  stm32f3xx_hal_tim.o(i.TIM_TI2_ConfigInputStage)
    TIM_TI2_ConfigInputStage                 0x0800339f   Thumb Code    36  stm32f3xx_hal_tim.o(i.TIM_TI2_ConfigInputStage)
    i.UART_AdvFeatureConfig                  0x080033c2   Section        0  stm32f3xx_hal_uart.o(i.UART_AdvFeatureConfig)
    i.UART_CheckIdleState                    0x0800348a   Section        0  stm32f3xx_hal_uart.o(i.UART_CheckIdleState)
    i.UART_DMAAbortOnError                   0x080034e6   Section        0  stm32f3xx_hal_uart.o(i.UART_DMAAbortOnError)
    UART_DMAAbortOnError                     0x080034e7   Thumb Code    20  stm32f3xx_hal_uart.o(i.UART_DMAAbortOnError)
    i.UART_EndRxTransfer                     0x080034fa   Section        0  stm32f3xx_hal_uart.o(i.UART_EndRxTransfer)
    UART_EndRxTransfer                       0x080034fb   Thumb Code    28  stm32f3xx_hal_uart.o(i.UART_EndRxTransfer)
    i.UART_EndTransmit_IT                    0x08003516   Section        0  stm32f3xx_hal_uart.o(i.UART_EndTransmit_IT)
    i.UART_Receive_IT                        0x08003530   Section        0  stm32f3xx_hal_uart.o(i.UART_Receive_IT)
    i.UART_SetConfig                         0x080035a8   Section        0  stm32f3xx_hal_uart.o(i.UART_SetConfig)
    i.UART_Transmit_IT                       0x0800377c   Section        0  stm32f3xx_hal_uart.o(i.UART_Transmit_IT)
    i.UART_WaitOnFlagUntilTimeout            0x080037e0   Section        0  stm32f3xx_hal_uart.o(i.UART_WaitOnFlagUntilTimeout)
    i.USART1_IRQHandler                      0x08003844   Section        0  stm32f3xx_it.o(i.USART1_IRQHandler)
    i.__scatterload_copy                     0x08003850   Section       14  handlers.o(i.__scatterload_copy)
    i.__scatterload_null                     0x0800385e   Section        2  handlers.o(i.__scatterload_null)
    i.__scatterload_zeroinit                 0x08003860   Section       14  handlers.o(i.__scatterload_zeroinit)
    i.begin                                  0x08003870   Section        0  liquidcrystal.o(i.begin)
    i.checkMap                               0x080039a8   Section        0  stm32f3xx_it.o(i.checkMap)
    i.clear                                  0x080039ec   Section        0  liquidcrystal.o(i.clear)
    i.command                                0x080039fe   Section        0  liquidcrystal.o(i.command)
    i.createChar                             0x08003a04   Section        0  liquidcrystal.o(i.createChar)
    i.display                                0x08003a28   Section        0  liquidcrystal.o(i.display)
    i.enableClock                            0x08003a40   Section        0  liquidcrystal.o(i.enableClock)
    i.fuelUp                                 0x08003aec   Section        0  stm32f3xx_it.o(i.fuelUp)
    i.genNewLine                             0x08003b04   Section        0  stm32f3xx_it.o(i.genNewLine)
    i.getADCValue                            0x08003b9c   Section        0  stm32f3xx_it.o(i.getADCValue)
    i.getRand                                0x08003bb2   Section        0  stm32f3xx_it.o(i.getRand)
    i.goDown                                 0x08003bd4   Section        0  stm32f3xx_it.o(i.goDown)
    i.goLeft                                 0x08003c28   Section        0  stm32f3xx_it.o(i.goLeft)
    i.goRight                                0x08003c5c   Section        0  stm32f3xx_it.o(i.goRight)
    i.goUp                                   0x08003c90   Section        0  stm32f3xx_it.o(i.goUp)
    i.home                                   0x08003cec   Section        0  liquidcrystal.o(i.home)
    i.init                                   0x08003d00   Section        0  liquidcrystal.o(i.init)
    i.lose                                   0x08003d50   Section        0  stm32f3xx_it.o(i.lose)
    i.main                                   0x08003d7c   Section        0  main.o(i.main)
    i.print                                  0x08003e74   Section        0  liquidcrystal.o(i.print)
    i.printAt                                0x08003e9c   Section        0  main.o(i.printAt)
    i.printMap                               0x08003eb4   Section        0  stm32f3xx_it.o(i.printMap)
    i.printSpaceShip                         0x08003f50   Section        0  stm32f3xx_it.o(i.printSpaceShip)
    i.pulseEnable                            0x08003f88   Section        0  liquidcrystal.o(i.pulseEnable)
    i.resetGame                              0x08003fc4   Section        0  stm32f3xx_it.o(i.resetGame)
    i.save                                   0x08004010   Section        0  stm32f3xx_it.o(i.save)
    i.saveLastPos                            0x08004064   Section        0  stm32f3xx_it.o(i.saveLastPos)
    i.saveMenu                               0x08004074   Section        0  stm32f3xx_it.o(i.saveMenu)
    i.scrollMap                              0x0800408c   Section        0  stm32f3xx_it.o(i.scrollMap)
    i.send                                   0x080040d0   Section        0  liquidcrystal.o(i.send)
    i.setCursor                              0x08004114   Section        0  liquidcrystal.o(i.setCursor)
    i.setRowOffsets                          0x0800413c   Section        0  liquidcrystal.o(i.setRowOffsets)
    i.showFuel                               0x08004150   Section        0  stm32f3xx_it.o(i.showFuel)
    i.showSpeed                              0x08004214   Section        0  stm32f3xx_it.o(i.showSpeed)
    i.slowDown                               0x080044b4   Section        0  stm32f3xx_it.o(i.slowDown)
    i.write                                  0x080044d4   Section        0  liquidcrystal.o(i.write)
    i.write4bits                             0x080044e0   Section        0  liquidcrystal.o(i.write4bits)
    i.write8bits                             0x08004514   Section        0  liquidcrystal.o(i.write8bits)
    i.writeAt                                0x08004548   Section        0  main.o(i.writeAt)
    .constdata                               0x08004560   Section       32  stm32f3xx_hal_rcc.o(.constdata)
    .constdata                               0x08004580   Section       16  system_stm32f3xx.o(.constdata)
    .constdata                               0x08004590   Section        8  system_stm32f3xx.o(.constdata)
    .data                                    0x20000000   Section       12  stm32f3xx_hal.o(.data)
    .data                                    0x2000000c   Section       92  stm32f3xx_it.o(.data)
    .data                                    0x20000068   Section        4  stm32f3xx_hal_msp.o(.data)
    HAL_RCC_ADC12_CLK_ENABLED                0x20000068   Data           4  stm32f3xx_hal_msp.o(.data)
    .data                                    0x2000006c   Section       40  main.o(.data)
    .data                                    0x20000094   Section       20  liquidcrystal.o(.data)
    .data                                    0x200000a8   Section        4  system_stm32f3xx.o(.data)
    .bss                                     0x200000ac   Section      160  stm32f3xx_it.o(.bss)
    .bss                                     0x2000014c   Section     1520  main.o(.bss)
    .bss                                     0x2000073c   Section       16  liquidcrystal.o(.bss)
    STACK                                    0x20000750   Section     1024  startup_stm32f303xc.o(STACK)

    Global Symbols

    Symbol Name                              Value     Ov Type        Size  Object(Section)

    BuildAttributes$$THM_ISAv4$E$P$D$K$B$S$7EM$VFPi3$EXTD16$VFPS$VFMA$PE$A:L22UL41UL21$X:L11$S22US41US21$IEEE1$IW$USESV6$~STKCKD$USESV7$~SHL$OSPACE$ROPI$EBA8$MICROLIB$REQ8$PRES8$EABIv2 0x00000000   Number         0  anon$$obj.o ABSOLUTE
    __ARM_use_no_argv                        0x00000000   Number         0  main.o ABSOLUTE
    _printf_a                                0x00000000   Number         0  stubs.o ABSOLUTE
    _printf_c                                0x00000000   Number         0  stubs.o ABSOLUTE
    _printf_charcount                        0x00000000   Number         0  stubs.o ABSOLUTE
    _printf_d                                0x00000000   Number         0  stubs.o ABSOLUTE
    _printf_e                                0x00000000   Number         0  stubs.o ABSOLUTE
    _printf_f                                0x00000000   Number         0  stubs.o ABSOLUTE
    _printf_flags                            0x00000000   Number         0  stubs.o ABSOLUTE
    _printf_fp_dec                           0x00000000   Number         0  stubs.o ABSOLUTE
    _printf_fp_hex                           0x00000000   Number         0  stubs.o ABSOLUTE
    _printf_g                                0x00000000   Number         0  stubs.o ABSOLUTE
    _printf_i                                0x00000000   Number         0  stubs.o ABSOLUTE
    _printf_int_dec                          0x00000000   Number         0  stubs.o ABSOLUTE
    _printf_l                                0x00000000   Number         0  stubs.o ABSOLUTE
    _printf_lc                               0x00000000   Number         0  stubs.o ABSOLUTE
    _printf_ll                               0x00000000   Number         0  stubs.o ABSOLUTE
    _printf_lld                              0x00000000   Number         0  stubs.o ABSOLUTE
    _printf_lli                              0x00000000   Number         0  stubs.o ABSOLUTE
    _printf_llo                              0x00000000   Number         0  stubs.o ABSOLUTE
    _printf_llu                              0x00000000   Number         0  stubs.o ABSOLUTE
    _printf_llx                              0x00000000   Number         0  stubs.o ABSOLUTE
    _printf_longlong_dec                     0x00000000   Number         0  stubs.o ABSOLUTE
    _printf_longlong_hex                     0x00000000   Number         0  stubs.o ABSOLUTE
    _printf_longlong_oct                     0x00000000   Number         0  stubs.o ABSOLUTE
    _printf_ls                               0x00000000   Number         0  stubs.o ABSOLUTE
    _printf_mbtowc                           0x00000000   Number         0  stubs.o ABSOLUTE
    _printf_n                                0x00000000   Number         0  stubs.o ABSOLUTE
    _printf_o                                0x00000000   Number         0  stubs.o ABSOLUTE
    _printf_p                                0x00000000   Number         0  stubs.o ABSOLUTE
    _printf_percent                          0x00000000   Number         0  stubs.o ABSOLUTE
    _printf_pre_padding                      0x00000000   Number         0  stubs.o ABSOLUTE
    _printf_return_value                     0x00000000   Number         0  stubs.o ABSOLUTE
    _printf_s                                0x00000000   Number         0  stubs.o ABSOLUTE
    _printf_sizespec                         0x00000000   Number         0  stubs.o ABSOLUTE
    _printf_str                              0x00000000   Number         0  stubs.o ABSOLUTE
    _printf_truncate_signed                  0x00000000   Number         0  stubs.o ABSOLUTE
    _printf_truncate_unsigned                0x00000000   Number         0  stubs.o ABSOLUTE
    _printf_u                                0x00000000   Number         0  stubs.o ABSOLUTE
    _printf_wc                               0x00000000   Number         0  stubs.o ABSOLUTE
    _printf_wctomb                           0x00000000   Number         0  stubs.o ABSOLUTE
    _printf_widthprec                        0x00000000   Number         0  stubs.o ABSOLUTE
    _printf_x                                0x00000000   Number         0  stubs.o ABSOLUTE
    __cpp_initialize__aeabi_                  - Undefined Weak Reference
    __cxa_finalize                            - Undefined Weak Reference
    __decompress                              - Undefined Weak Reference
    _clock_init                               - Undefined Weak Reference
    _microlib_exit                            - Undefined Weak Reference
    __Vectors_Size                           0x00000188   Number         0  startup_stm32f303xc.o ABSOLUTE
    __Vectors                                0x08000000   Data           4  startup_stm32f303xc.o(RESET)
    __Vectors_End                            0x08000188   Data           0  startup_stm32f303xc.o(RESET)
    __main                                   0x08000189   Thumb Code     0  entry.o(.ARM.Collect$$$$00000000)
    _main_stk                                0x08000189   Thumb Code     0  entry2.o(.ARM.Collect$$$$00000001)
    _main_scatterload                        0x0800018d   Thumb Code     0  entry5.o(.ARM.Collect$$$$00000004)
    __main_after_scatterload                 0x08000191   Thumb Code     0  entry5.o(.ARM.Collect$$$$00000004)
    _main_clock                              0x08000191   Thumb Code     0  entry7b.o(.ARM.Collect$$$$00000008)
    _main_cpp_init                           0x08000191   Thumb Code     0  entry8b.o(.ARM.Collect$$$$0000000A)
    _main_init                               0x08000191   Thumb Code     0  entry9a.o(.ARM.Collect$$$$0000000B)
    __rt_final_cpp                           0x08000199   Thumb Code     0  entry10a.o(.ARM.Collect$$$$0000000D)
    __rt_final_exit                          0x08000199   Thumb Code     0  entry11a.o(.ARM.Collect$$$$0000000F)
    Reset_Handler                            0x0800019d   Thumb Code     8  startup_stm32f303xc.o(.text)
    NMI_Handler                              0x080001a5   Thumb Code     2  startup_stm32f303xc.o(.text)
    HardFault_Handler                        0x080001a7   Thumb Code     2  startup_stm32f303xc.o(.text)
    MemManage_Handler                        0x080001a9   Thumb Code     2  startup_stm32f303xc.o(.text)
    BusFault_Handler                         0x080001ab   Thumb Code     2  startup_stm32f303xc.o(.text)
    UsageFault_Handler                       0x080001ad   Thumb Code     2  startup_stm32f303xc.o(.text)
    SVC_Handler                              0x080001af   Thumb Code     2  startup_stm32f303xc.o(.text)
    DebugMon_Handler                         0x080001b1   Thumb Code     2  startup_stm32f303xc.o(.text)
    PendSV_Handler                           0x080001b3   Thumb Code     2  startup_stm32f303xc.o(.text)
    ADC3_IRQHandler                          0x080001b7   Thumb Code     0  startup_stm32f303xc.o(.text)
    ADC4_IRQHandler                          0x080001b7   Thumb Code     0  startup_stm32f303xc.o(.text)
    CAN_RX1_IRQHandler                       0x080001b7   Thumb Code     0  startup_stm32f303xc.o(.text)
    CAN_SCE_IRQHandler                       0x080001b7   Thumb Code     0  startup_stm32f303xc.o(.text)
    COMP1_2_3_IRQHandler                     0x080001b7   Thumb Code     0  startup_stm32f303xc.o(.text)
    COMP4_5_6_IRQHandler                     0x080001b7   Thumb Code     0  startup_stm32f303xc.o(.text)
    COMP7_IRQHandler                         0x080001b7   Thumb Code     0  startup_stm32f303xc.o(.text)
    DMA1_Channel1_IRQHandler                 0x080001b7   Thumb Code     0  startup_stm32f303xc.o(.text)
    DMA1_Channel2_IRQHandler                 0x080001b7   Thumb Code     0  startup_stm32f303xc.o(.text)
    DMA1_Channel3_IRQHandler                 0x080001b7   Thumb Code     0  startup_stm32f303xc.o(.text)
    DMA1_Channel4_IRQHandler                 0x080001b7   Thumb Code     0  startup_stm32f303xc.o(.text)
    DMA1_Channel5_IRQHandler                 0x080001b7   Thumb Code     0  startup_stm32f303xc.o(.text)
    DMA1_Channel6_IRQHandler                 0x080001b7   Thumb Code     0  startup_stm32f303xc.o(.text)
    DMA1_Channel7_IRQHandler                 0x080001b7   Thumb Code     0  startup_stm32f303xc.o(.text)
    DMA2_Channel1_IRQHandler                 0x080001b7   Thumb Code     0  startup_stm32f303xc.o(.text)
    DMA2_Channel2_IRQHandler                 0x080001b7   Thumb Code     0  startup_stm32f303xc.o(.text)
    DMA2_Channel3_IRQHandler                 0x080001b7   Thumb Code     0  startup_stm32f303xc.o(.text)
    DMA2_Channel4_IRQHandler                 0x080001b7   Thumb Code     0  startup_stm32f303xc.o(.text)
    DMA2_Channel5_IRQHandler                 0x080001b7   Thumb Code     0  startup_stm32f303xc.o(.text)
    EXTI15_10_IRQHandler                     0x080001b7   Thumb Code     0  startup_stm32f303xc.o(.text)
    EXTI4_IRQHandler                         0x080001b7   Thumb Code     0  startup_stm32f303xc.o(.text)
    FLASH_IRQHandler                         0x080001b7   Thumb Code     0  startup_stm32f303xc.o(.text)
    FPU_IRQHandler                           0x080001b7   Thumb Code     0  startup_stm32f303xc.o(.text)
    I2C1_ER_IRQHandler                       0x080001b7   Thumb Code     0  startup_stm32f303xc.o(.text)
    I2C1_EV_IRQHandler                       0x080001b7   Thumb Code     0  startup_stm32f303xc.o(.text)
    I2C2_ER_IRQHandler                       0x080001b7   Thumb Code     0  startup_stm32f303xc.o(.text)
    I2C2_EV_IRQHandler                       0x080001b7   Thumb Code     0  startup_stm32f303xc.o(.text)
    PVD_IRQHandler                           0x080001b7   Thumb Code     0  startup_stm32f303xc.o(.text)
    RCC_IRQHandler                           0x080001b7   Thumb Code     0  startup_stm32f303xc.o(.text)
    RTC_Alarm_IRQHandler                     0x080001b7   Thumb Code     0  startup_stm32f303xc.o(.text)
    RTC_WKUP_IRQHandler                      0x080001b7   Thumb Code     0  startup_stm32f303xc.o(.text)
    SPI1_IRQHandler                          0x080001b7   Thumb Code     0  startup_stm32f303xc.o(.text)
    SPI2_IRQHandler                          0x080001b7   Thumb Code     0  startup_stm32f303xc.o(.text)
    SPI3_IRQHandler                          0x080001b7   Thumb Code     0  startup_stm32f303xc.o(.text)
    TAMP_STAMP_IRQHandler                    0x080001b7   Thumb Code     0  startup_stm32f303xc.o(.text)
    TIM1_BRK_TIM15_IRQHandler                0x080001b7   Thumb Code     0  startup_stm32f303xc.o(.text)
    TIM1_CC_IRQHandler                       0x080001b7   Thumb Code     0  startup_stm32f303xc.o(.text)
    TIM1_TRG_COM_TIM17_IRQHandler            0x080001b7   Thumb Code     0  startup_stm32f303xc.o(.text)
    TIM1_UP_TIM16_IRQHandler                 0x080001b7   Thumb Code     0  startup_stm32f303xc.o(.text)
    TIM4_IRQHandler                          0x080001b7   Thumb Code     0  startup_stm32f303xc.o(.text)
    TIM6_DAC_IRQHandler                      0x080001b7   Thumb Code     0  startup_stm32f303xc.o(.text)
    TIM7_IRQHandler                          0x080001b7   Thumb Code     0  startup_stm32f303xc.o(.text)
    TIM8_BRK_IRQHandler                      0x080001b7   Thumb Code     0  startup_stm32f303xc.o(.text)
    TIM8_CC_IRQHandler                       0x080001b7   Thumb Code     0  startup_stm32f303xc.o(.text)
    TIM8_TRG_COM_IRQHandler                  0x080001b7   Thumb Code     0  startup_stm32f303xc.o(.text)
    TIM8_UP_IRQHandler                       0x080001b7   Thumb Code     0  startup_stm32f303xc.o(.text)
    UART4_IRQHandler                         0x080001b7   Thumb Code     0  startup_stm32f303xc.o(.text)
    UART5_IRQHandler                         0x080001b7   Thumb Code     0  startup_stm32f303xc.o(.text)
    USART2_IRQHandler                        0x080001b7   Thumb Code     0  startup_stm32f303xc.o(.text)
    USART3_IRQHandler                        0x080001b7   Thumb Code     0  startup_stm32f303xc.o(.text)
    USBWakeUp_IRQHandler                     0x080001b7   Thumb Code     0  startup_stm32f303xc.o(.text)
    USBWakeUp_RMP_IRQHandler                 0x080001b7   Thumb Code     0  startup_stm32f303xc.o(.text)
    USB_HP_CAN_TX_IRQHandler                 0x080001b7   Thumb Code     0  startup_stm32f303xc.o(.text)
    USB_HP_IRQHandler                        0x080001b7   Thumb Code     0  startup_stm32f303xc.o(.text)
    USB_LP_CAN_RX0_IRQHandler                0x080001b7   Thumb Code     0  startup_stm32f303xc.o(.text)
    USB_LP_IRQHandler                        0x080001b7   Thumb Code     0  startup_stm32f303xc.o(.text)
    WWDG_IRQHandler                          0x080001b7   Thumb Code     0  startup_stm32f303xc.o(.text)
    __aeabi_memcpy                           0x080001c1   Thumb Code    36  memcpya.o(.text)
    __aeabi_memcpy4                          0x080001c1   Thumb Code     0  memcpya.o(.text)
    __aeabi_memcpy8                          0x080001c1   Thumb Code     0  memcpya.o(.text)
    __aeabi_memset                           0x080001e5   Thumb Code    14  memseta.o(.text)
    __aeabi_memset4                          0x080001e5   Thumb Code     0  memseta.o(.text)
    __aeabi_memset8                          0x080001e5   Thumb Code     0  memseta.o(.text)
    __aeabi_memclr                           0x080001f3   Thumb Code     4  memseta.o(.text)
    __aeabi_memclr4                          0x080001f3   Thumb Code     0  memseta.o(.text)
    __aeabi_memclr8                          0x080001f3   Thumb Code     0  memseta.o(.text)
    _memset$wrapper                          0x080001f7   Thumb Code    18  memseta.o(.text)
    strlen                                   0x08000209   Thumb Code    14  strlen.o(.text)
    __scatterload                            0x08000219   Thumb Code    28  init.o(.text)
    __scatterload_rt2                        0x08000219   Thumb Code     0  init.o(.text)
    ADC1_2_IRQHandler                        0x0800023d   Thumb Code    18  stm32f3xx_it.o(i.ADC1_2_IRQHandler)
    EXTI0_IRQHandler                         0x0800031d   Thumb Code   104  stm32f3xx_it.o(i.EXTI0_IRQHandler)
    EXTI1_IRQHandler                         0x08000389   Thumb Code   214  stm32f3xx_it.o(i.EXTI1_IRQHandler)
    EXTI2_TSC_IRQHandler                     0x08000469   Thumb Code   234  stm32f3xx_it.o(i.EXTI2_TSC_IRQHandler)
    EXTI3_IRQHandler                         0x0800055d   Thumb Code   214  stm32f3xx_it.o(i.EXTI3_IRQHandler)
    EXTI9_5_IRQHandler                       0x0800063d   Thumb Code   214  stm32f3xx_it.o(i.EXTI9_5_IRQHandler)
    HAL_ADCEx_InjectedConvCpltCallback       0x0800071d   Thumb Code     2  stm32f3xx_hal_adc_ex.o(i.HAL_ADCEx_InjectedConvCpltCallback)
    HAL_ADCEx_InjectedQueueOverflowCallback  0x0800071f   Thumb Code     2  stm32f3xx_hal_adc_ex.o(i.HAL_ADCEx_InjectedQueueOverflowCallback)
    HAL_ADCEx_LevelOutOfWindow2Callback      0x08000721   Thumb Code     2  stm32f3xx_hal_adc_ex.o(i.HAL_ADCEx_LevelOutOfWindow2Callback)
    HAL_ADCEx_LevelOutOfWindow3Callback      0x08000723   Thumb Code     2  stm32f3xx_hal_adc_ex.o(i.HAL_ADCEx_LevelOutOfWindow3Callback)
    HAL_ADCEx_MultiModeConfigChannel         0x08000725   Thumb Code   256  stm32f3xx_hal_adc_ex.o(i.HAL_ADCEx_MultiModeConfigChannel)
    HAL_ADC_ConfigChannel                    0x08000839   Thumb Code   884  stm32f3xx_hal_adc_ex.o(i.HAL_ADC_ConfigChannel)
    HAL_ADC_ConvCpltCallback                 0x08000bcd   Thumb Code     2  stm32f3xx_hal_adc.o(i.HAL_ADC_ConvCpltCallback)
    HAL_ADC_ErrorCallback                    0x08000bcf   Thumb Code     2  stm32f3xx_hal_adc.o(i.HAL_ADC_ErrorCallback)
    HAL_ADC_GetValue                         0x08000bd1   Thumb Code     6  stm32f3xx_hal_adc_ex.o(i.HAL_ADC_GetValue)
    HAL_ADC_IRQHandler                       0x08000bd9   Thumb Code   790  stm32f3xx_hal_adc_ex.o(i.HAL_ADC_IRQHandler)
    HAL_ADC_Init                             0x08000f01   Thumb Code   546  stm32f3xx_hal_adc_ex.o(i.HAL_ADC_Init)
    HAL_ADC_LevelOutOfWindowCallback         0x08001149   Thumb Code     2  stm32f3xx_hal_adc.o(i.HAL_ADC_LevelOutOfWindowCallback)
    HAL_ADC_MspInit                          0x0800114d   Thumb Code   118  stm32f3xx_hal_msp.o(i.HAL_ADC_MspInit)
    HAL_ADC_Start                            0x080011d1   Thumb Code   322  stm32f3xx_hal_adc_ex.o(i.HAL_ADC_Start)
    HAL_DMA_Abort_IT                         0x08001321   Thumb Code    74  stm32f3xx_hal_dma.o(i.HAL_DMA_Abort_IT)
    HAL_Delay                                0x0800136d   Thumb Code    32  stm32f3xx_hal.o(i.HAL_Delay)
    HAL_GPIO_EXTI_Callback                   0x08001391   Thumb Code     2  stm32f3xx_hal_gpio.o(i.HAL_GPIO_EXTI_Callback)
    HAL_GPIO_EXTI_IRQHandler                 0x08001395   Thumb Code    18  stm32f3xx_hal_gpio.o(i.HAL_GPIO_EXTI_IRQHandler)
    HAL_GPIO_Init                            0x080013ad   Thumb Code   364  stm32f3xx_hal_gpio.o(i.HAL_GPIO_Init)
    HAL_GPIO_ReadPin                         0x08001535   Thumb Code    10  stm32f3xx_hal_gpio.o(i.HAL_GPIO_ReadPin)
    HAL_GPIO_WritePin                        0x0800153f   Thumb Code    10  stm32f3xx_hal_gpio.o(i.HAL_GPIO_WritePin)
    HAL_GetTick                              0x08001549   Thumb Code     6  stm32f3xx_hal.o(i.HAL_GetTick)
    HAL_I2CEx_ConfigAnalogFilter             0x08001555   Thumb Code    86  stm32f3xx_hal_i2c_ex.o(i.HAL_I2CEx_ConfigAnalogFilter)
    HAL_I2CEx_ConfigDigitalFilter            0x080015ab   Thumb Code    82  stm32f3xx_hal_i2c_ex.o(i.HAL_I2CEx_ConfigDigitalFilter)
    HAL_I2C_Init                             0x080015fd   Thumb Code   178  stm32f3xx_hal_i2c.o(i.HAL_I2C_Init)
    HAL_I2C_MspInit                          0x080016b5   Thumb Code    62  stm32f3xx_hal_msp.o(i.HAL_I2C_MspInit)
    HAL_IncTick                              0x08001701   Thumb Code    12  stm32f3xx_hal.o(i.HAL_IncTick)
    HAL_Init                                 0x08001711   Thumb Code    32  stm32f3xx_hal.o(i.HAL_Init)
    HAL_InitTick                             0x08001735   Thumb Code    54  stm32f3xx_hal.o(i.HAL_InitTick)
    HAL_MspInit                              0x08001775   Thumb Code   106  stm32f3xx_hal_msp.o(i.HAL_MspInit)
    HAL_NVIC_EnableIRQ                       0x080017e5   Thumb Code    22  stm32f3xx_hal_cortex.o(i.HAL_NVIC_EnableIRQ)
    HAL_NVIC_SetPriority                     0x080017fd   Thumb Code    60  stm32f3xx_hal_cortex.o(i.HAL_NVIC_SetPriority)
    HAL_NVIC_SetPriorityGrouping             0x0800183d   Thumb Code    26  stm32f3xx_hal_cortex.o(i.HAL_NVIC_SetPriorityGrouping)
    HAL_PCD_Init                             0x08001861   Thumb Code   166  stm32f3xx_hal_pcd.o(i.HAL_PCD_Init)
    HAL_PCD_MspInit                          0x08001909   Thumb Code    66  stm32f3xx_hal_msp.o(i.HAL_PCD_MspInit)
    HAL_RCCEx_PeriphCLKConfig                0x08001955   Thumb Code   522  stm32f3xx_hal_rcc_ex.o(i.HAL_RCCEx_PeriphCLKConfig)
    HAL_RCC_ClockConfig                      0x08001b6d   Thumb Code   374  stm32f3xx_hal_rcc.o(i.HAL_RCC_ClockConfig)
    HAL_RCC_GetHCLKFreq                      0x08001cf5   Thumb Code     6  stm32f3xx_hal_rcc.o(i.HAL_RCC_GetHCLKFreq)
    HAL_RCC_GetPCLK1Freq                     0x08001d01   Thumb Code    34  stm32f3xx_hal_rcc.o(i.HAL_RCC_GetPCLK1Freq)
    HAL_RCC_GetPCLK2Freq                     0x08001d31   Thumb Code    34  stm32f3xx_hal_rcc.o(i.HAL_RCC_GetPCLK2Freq)
    HAL_RCC_GetSysClockFreq                  0x08001d61   Thumb Code    84  stm32f3xx_hal_rcc.o(i.HAL_RCC_GetSysClockFreq)
    HAL_RCC_OscConfig                        0x08001dc5   Thumb Code  1452  stm32f3xx_hal_rcc.o(i.HAL_RCC_OscConfig)
    HAL_SPI_Init                             0x08002371   Thumb Code   182  stm32f3xx_hal_spi.o(i.HAL_SPI_Init)
    HAL_SPI_MspInit                          0x08002429   Thumb Code    64  stm32f3xx_hal_msp.o(i.HAL_SPI_MspInit)
    HAL_SYSTICK_CLKSourceConfig              0x08002471   Thumb Code    24  stm32f3xx_hal_cortex.o(i.HAL_SYSTICK_CLKSourceConfig)
    HAL_SYSTICK_Callback                     0x08002489   Thumb Code     2  stm32f3xx_hal_cortex.o(i.HAL_SYSTICK_Callback)
    HAL_SYSTICK_Config                       0x0800248b   Thumb Code    40  stm32f3xx_hal_cortex.o(i.HAL_SYSTICK_Config)
    HAL_SYSTICK_IRQHandler                   0x080024b3   Thumb Code     8  stm32f3xx_hal_cortex.o(i.HAL_SYSTICK_IRQHandler)
    HAL_TIMEx_Break2Callback                 0x080024bb   Thumb Code     2  stm32f3xx_hal_tim_ex.o(i.HAL_TIMEx_Break2Callback)
    HAL_TIMEx_BreakCallback                  0x080024bd   Thumb Code     2  stm32f3xx_hal_tim_ex.o(i.HAL_TIMEx_BreakCallback)
    HAL_TIMEx_CommutationCallback            0x080024bf   Thumb Code     2  stm32f3xx_hal_tim_ex.o(i.HAL_TIMEx_CommutationCallback)
    HAL_TIMEx_MasterConfigSynchronization    0x080024c1   Thumb Code    78  stm32f3xx_hal_tim_ex.o(i.HAL_TIMEx_MasterConfigSynchronization)
    HAL_TIM_Base_Init                        0x08002519   Thumb Code    54  stm32f3xx_hal_tim.o(i.HAL_TIM_Base_Init)
    HAL_TIM_Base_MspInit                     0x08002551   Thumb Code    86  stm32f3xx_hal_msp.o(i.HAL_TIM_Base_MspInit)
    HAL_TIM_Base_Start_IT                    0x080025b1   Thumb Code    24  stm32f3xx_hal_tim.o(i.HAL_TIM_Base_Start_IT)
    HAL_TIM_ConfigClockSource                0x080025c9   Thumb Code   246  stm32f3xx_hal_tim.o(i.HAL_TIM_ConfigClockSource)
    HAL_TIM_IC_CaptureCallback               0x080026c5   Thumb Code     2  stm32f3xx_hal_tim.o(i.HAL_TIM_IC_CaptureCallback)
    HAL_TIM_IRQHandler                       0x080026c7   Thumb Code   388  stm32f3xx_hal_tim.o(i.HAL_TIM_IRQHandler)
    HAL_TIM_OC_DelayElapsedCallback          0x0800284b   Thumb Code     2  stm32f3xx_hal_tim.o(i.HAL_TIM_OC_DelayElapsedCallback)
    HAL_TIM_PWM_PulseFinishedCallback        0x0800284d   Thumb Code     2  stm32f3xx_hal_tim.o(i.HAL_TIM_PWM_PulseFinishedCallback)
    HAL_TIM_PeriodElapsedCallback            0x0800284f   Thumb Code     2  stm32f3xx_hal_tim.o(i.HAL_TIM_PeriodElapsedCallback)
    HAL_TIM_TriggerCallback                  0x08002851   Thumb Code     2  stm32f3xx_hal_tim.o(i.HAL_TIM_TriggerCallback)
    HAL_UARTEx_WakeupCallback                0x08002853   Thumb Code     2  stm32f3xx_hal_uart_ex.o(i.HAL_UARTEx_WakeupCallback)
    HAL_UART_ErrorCallback                   0x08002855   Thumb Code     2  stm32f3xx_hal_uart.o(i.HAL_UART_ErrorCallback)
    HAL_UART_IRQHandler                      0x08002859   Thumb Code   316  stm32f3xx_hal_uart.o(i.HAL_UART_IRQHandler)
    HAL_UART_Init                            0x08002999   Thumb Code   106  stm32f3xx_hal_uart.o(i.HAL_UART_Init)
    HAL_UART_MspInit                         0x08002a05   Thumb Code    78  stm32f3xx_hal_msp.o(i.HAL_UART_MspInit)
    HAL_UART_RxCpltCallback                  0x08002a61   Thumb Code     2  stm32f3xx_hal_uart.o(i.HAL_UART_RxCpltCallback)
    HAL_UART_Transmit                        0x08002a63   Thumb Code   180  stm32f3xx_hal_uart.o(i.HAL_UART_Transmit)
    HAL_UART_TxCpltCallback                  0x08002b17   Thumb Code     2  stm32f3xx_hal_uart.o(i.HAL_UART_TxCpltCallback)
    LiquidCrystal                            0x08002b19   Thumb Code    66  liquidcrystal.o(i.LiquidCrystal)
    SysTick_Handler                          0x08002fa1   Thumb Code    14  stm32f3xx_it.o(i.SysTick_Handler)
    SystemClock_Config                       0x08002fb1   Thumb Code   138  main.o(i.SystemClock_Config)
    SystemInit                               0x08003041   Thumb Code    82  system_stm32f3xx.o(i.SystemInit)
    TIM2_IRQHandler                          0x080030a9   Thumb Code   410  stm32f3xx_it.o(i.TIM2_IRQHandler)
    TIM3_IRQHandler                          0x08003295   Thumb Code    16  stm32f3xx_it.o(i.TIM3_IRQHandler)
    TIM_Base_SetConfig                       0x080032a9   Thumb Code   146  stm32f3xx_hal_tim.o(i.TIM_Base_SetConfig)
    TIM_ETR_SetConfig                        0x08003359   Thumb Code    20  stm32f3xx_hal_tim.o(i.TIM_ETR_SetConfig)
    UART_AdvFeatureConfig                    0x080033c3   Thumb Code   200  stm32f3xx_hal_uart.o(i.UART_AdvFeatureConfig)
    UART_CheckIdleState                      0x0800348b   Thumb Code    92  stm32f3xx_hal_uart.o(i.UART_CheckIdleState)
    UART_EndTransmit_IT                      0x08003517   Thumb Code    26  stm32f3xx_hal_uart.o(i.UART_EndTransmit_IT)
    UART_Receive_IT                          0x08003531   Thumb Code   118  stm32f3xx_hal_uart.o(i.UART_Receive_IT)
    UART_SetConfig                           0x080035a9   Thumb Code   434  stm32f3xx_hal_uart.o(i.UART_SetConfig)
    UART_Transmit_IT                         0x0800377d   Thumb Code   100  stm32f3xx_hal_uart.o(i.UART_Transmit_IT)
    UART_WaitOnFlagUntilTimeout              0x080037e1   Thumb Code   100  stm32f3xx_hal_uart.o(i.UART_WaitOnFlagUntilTimeout)
    USART1_IRQHandler                        0x08003845   Thumb Code     6  stm32f3xx_it.o(i.USART1_IRQHandler)
    __scatterload_copy                       0x08003851   Thumb Code    14  handlers.o(i.__scatterload_copy)
    __scatterload_null                       0x0800385f   Thumb Code     2  handlers.o(i.__scatterload_null)
    __scatterload_zeroinit                   0x08003861   Thumb Code    14  handlers.o(i.__scatterload_zeroinit)
    begin                                    0x08003871   Thumb Code   304  liquidcrystal.o(i.begin)
    checkMap                                 0x080039a9   Thumb Code    58  stm32f3xx_it.o(i.checkMap)
    clear                                    0x080039ed   Thumb Code    18  liquidcrystal.o(i.clear)
    command                                  0x080039ff   Thumb Code     6  liquidcrystal.o(i.command)
    createChar                               0x08003a05   Thumb Code    36  liquidcrystal.o(i.createChar)
    display                                  0x08003a29   Thumb Code    18  liquidcrystal.o(i.display)
    enableClock                              0x08003a41   Thumb Code   142  liquidcrystal.o(i.enableClock)
    fuelUp                                   0x08003aed   Thumb Code    20  stm32f3xx_it.o(i.fuelUp)
    genNewLine                               0x08003b05   Thumb Code   142  stm32f3xx_it.o(i.genNewLine)
    getADCValue                              0x08003b9d   Thumb Code    22  stm32f3xx_it.o(i.getADCValue)
    getRand                                  0x08003bb3   Thumb Code    32  stm32f3xx_it.o(i.getRand)
    goDown                                   0x08003bd5   Thumb Code    74  stm32f3xx_it.o(i.goDown)
    goLeft                                   0x08003c29   Thumb Code    46  stm32f3xx_it.o(i.goLeft)
    goRight                                  0x08003c5d   Thumb Code    46  stm32f3xx_it.o(i.goRight)
    goUp                                     0x08003c91   Thumb Code    82  stm32f3xx_it.o(i.goUp)
    home                                     0x08003ced   Thumb Code    18  liquidcrystal.o(i.home)
    init                                     0x08003d01   Thumb Code    72  liquidcrystal.o(i.init)
    lose                                     0x08003d51   Thumb Code    26  stm32f3xx_it.o(i.lose)
    main                                     0x08003d7d   Thumb Code   228  main.o(i.main)
    print                                    0x08003e75   Thumb Code    40  liquidcrystal.o(i.print)
    printAt                                  0x08003e9d   Thumb Code    24  main.o(i.printAt)
    printMap                                 0x08003eb5   Thumb Code   142  stm32f3xx_it.o(i.printMap)
    printSpaceShip                           0x08003f51   Thumb Code    46  stm32f3xx_it.o(i.printSpaceShip)
    pulseEnable                              0x08003f89   Thumb Code    56  liquidcrystal.o(i.pulseEnable)
    resetGame                                0x08003fc5   Thumb Code    68  stm32f3xx_it.o(i.resetGame)
    save                                     0x08004011   Thumb Code    76  stm32f3xx_it.o(i.save)
    saveLastPos                              0x08004065   Thumb Code    12  stm32f3xx_it.o(i.saveLastPos)
    saveMenu                                 0x08004075   Thumb Code    20  stm32f3xx_it.o(i.saveMenu)
    scrollMap                                0x0800408d   Thumb Code    64  stm32f3xx_it.o(i.scrollMap)
    send                                     0x080040d1   Thumb Code    62  liquidcrystal.o(i.send)
    setCursor                                0x08004115   Thumb Code    36  liquidcrystal.o(i.setCursor)
    setRowOffsets                            0x0800413d   Thumb Code    14  liquidcrystal.o(i.setRowOffsets)
    showFuel                                 0x08004151   Thumb Code   186  stm32f3xx_it.o(i.showFuel)
    showSpeed                                0x08004215   Thumb Code   654  stm32f3xx_it.o(i.showSpeed)
    slowDown                                 0x080044b5   Thumb Code    26  stm32f3xx_it.o(i.slowDown)
    write                                    0x080044d5   Thumb Code    12  liquidcrystal.o(i.write)
    write4bits                               0x080044e1   Thumb Code    44  liquidcrystal.o(i.write4bits)
    write8bits                               0x08004515   Thumb Code    44  liquidcrystal.o(i.write8bits)
    writeAt                                  0x08004549   Thumb Code    24  main.o(i.writeAt)
    aPLLMULFactorTable                       0x08004560   Data          16  stm32f3xx_hal_rcc.o(.constdata)
    aPredivFactorTable                       0x08004570   Data          16  stm32f3xx_hal_rcc.o(.constdata)
    AHBPrescTable                            0x08004580   Data          16  system_stm32f3xx.o(.constdata)
    APBPrescTable                            0x08004590   Data           8  system_stm32f3xx.o(.constdata)
    Region$$Table$$Base                      0x08004598   Number         0  anon$$obj.o(Region$$Table)
    Region$$Table$$Limit                     0x080045b8   Number         0  anon$$obj.o(Region$$Table)
    uwTickFreq                               0x20000000   Data           1  stm32f3xx_hal.o(.data)
    uwTickPrio                               0x20000004   Data           4  stm32f3xx_hal.o(.data)
    uwTick                                   0x20000008   Data           4  stm32f3xx_hal.o(.data)
    timerCount                               0x2000000c   Data           4  stm32f3xx_it.o(.data)
    timerDivider                             0x20000010   Data           4  stm32f3xx_it.o(.data)
    reverseDifficulity                       0x20000014   Data           4  stm32f3xx_it.o(.data)
    speed                                    0x20000018   Data           4  stm32f3xx_it.o(.data)
    speedChangeBase                          0x2000001c   Data           4  stm32f3xx_it.o(.data)
    speedChange                              0x20000020   Data           4  stm32f3xx_it.o(.data)
    paused                                   0x20000024   Data           4  stm32f3xx_it.o(.data)
    isInMenu                                 0x20000028   Data           4  stm32f3xx_it.o(.data)
    menuPointerIndex                         0x2000002c   Data           4  stm32f3xx_it.o(.data)
    mustPrint                                0x20000030   Data           4  stm32f3xx_it.o(.data)
    isInAbout                                0x20000034   Data           4  stm32f3xx_it.o(.data)
    isInSaveMenu                             0x20000038   Data           4  stm32f3xx_it.o(.data)
    fuelAmount                               0x2000003c   Data           4  stm32f3xx_it.o(.data)
    fuelDeathCount                           0x20000040   Data           4  stm32f3xx_it.o(.data)
    isPlaneOff                               0x20000044   Data           4  stm32f3xx_it.o(.data)
    updateCounter                            0x20000048   Data           4  stm32f3xx_it.o(.data)
    lvl                                      0x2000004c   Data           4  stm32f3xx_it.o(.data)
    r                                        0x20000050   Data           4  stm32f3xx_it.o(.data)
    c                                        0x20000054   Data           4  stm32f3xx_it.o(.data)
    lr                                       0x20000058   Data           4  stm32f3xx_it.o(.data)
    lc                                       0x2000005c   Data           4  stm32f3xx_it.o(.data)
    speedAv                                  0x20000060   Data           4  stm32f3xx_it.o(.data)
    score                                    0x20000064   Data           4  stm32f3xx_it.o(.data)
    plane                                    0x2000006c   Data           8  main.o(.data)
    mine                                     0x20000074   Data           8  main.o(.data)
    fuel                                     0x2000007c   Data           8  main.o(.data)
    birds                                    0x20000084   Data           8  main.o(.data)
    rocket                                   0x2000008c   Data           8  main.o(.data)
    _fourbit_mode                            0x20000094   Data           1  liquidcrystal.o(.data)
    dotsize                                  0x20000095   Data           1  liquidcrystal.o(.data)
    _displayfunction                         0x20000096   Data           1  liquidcrystal.o(.data)
    _displaycontrol                          0x20000097   Data           1  liquidcrystal.o(.data)
    _displaymode                             0x20000098   Data           1  liquidcrystal.o(.data)
    _numlines                                0x20000099   Data           1  liquidcrystal.o(.data)
    _rs_pin                                  0x2000009a   Data           2  liquidcrystal.o(.data)
    _rw_pin                                  0x2000009c   Data           2  liquidcrystal.o(.data)
    _enable_pin                              0x2000009e   Data           2  liquidcrystal.o(.data)
    _port                                    0x200000a0   Data           4  liquidcrystal.o(.data)
    _row_offsets                             0x200000a4   Data           4  liquidcrystal.o(.data)
    SystemCoreClock                          0x200000a8   Data           4  system_stm32f3xx.o(.data)
    map                                      0x200000ac   Data          80  stm32f3xx_it.o(.bss)
    lmap                                     0x200000fc   Data          80  stm32f3xx_it.o(.bss)
    hadc1                                    0x2000014c   Data          84  main.o(.bss)
    hadc2                                    0x200001a0   Data          84  main.o(.bss)
    hi2c1                                    0x200001f4   Data          76  main.o(.bss)
    hspi1                                    0x20000240   Data         100  main.o(.bss)
    htim2                                    0x200002a4   Data          64  main.o(.bss)
    htim3                                    0x200002e4   Data          64  main.o(.bss)
    huart1                                   0x20000324   Data         112  main.o(.bss)
    hpcd_USB_FS                              0x20000394   Data         936  main.o(.bss)
    _data_pins                               0x2000073c   Data          16  liquidcrystal.o(.bss)
    __initial_sp                             0x20000b50   Data           0  startup_stm32f303xc.o(STACK)



==============================================================================

Memory Map of the image

  Image Entry point : 0x08000189

  Load Region LR_IROM1 (Base: 0x08000000, Size: 0x00004664, Max: 0x00040000, ABSOLUTE)

    Execution Region ER_IROM1 (Exec base: 0x08000000, Load base: 0x08000000, Size: 0x000045b8, Max: 0x00040000, ABSOLUTE)

    Exec Addr    Load Addr    Size         Type   Attr      Idx    E Section Name        Object

    0x08000000   0x08000000   0x00000188   Data   RO            3    RESET               startup_stm32f303xc.o
    0x08000188   0x08000188   0x00000000   Code   RO         4559  * .ARM.Collect$$$$00000000  mc_w.l(entry.o)
    0x08000188   0x08000188   0x00000004   Code   RO         4833    .ARM.Collect$$$$00000001  mc_w.l(entry2.o)
    0x0800018c   0x0800018c   0x00000004   Code   RO         4836    .ARM.Collect$$$$00000004  mc_w.l(entry5.o)
    0x08000190   0x08000190   0x00000000   Code   RO         4838    .ARM.Collect$$$$00000008  mc_w.l(entry7b.o)
    0x08000190   0x08000190   0x00000000   Code   RO         4840    .ARM.Collect$$$$0000000A  mc_w.l(entry8b.o)
    0x08000190   0x08000190   0x00000008   Code   RO         4841    .ARM.Collect$$$$0000000B  mc_w.l(entry9a.o)
    0x08000198   0x08000198   0x00000000   Code   RO         4843    .ARM.Collect$$$$0000000D  mc_w.l(entry10a.o)
    0x08000198   0x08000198   0x00000000   Code   RO         4845    .ARM.Collect$$$$0000000F  mc_w.l(entry11a.o)
    0x08000198   0x08000198   0x00000004   Code   RO         4834    .ARM.Collect$$$$00002712  mc_w.l(entry2.o)
    0x0800019c   0x0800019c   0x00000024   Code   RO            4    .text               startup_stm32f303xc.o
    0x080001c0   0x080001c0   0x00000024   Code   RO         4564    .text               mc_w.l(memcpya.o)
    0x080001e4   0x080001e4   0x00000024   Code   RO         4566    .text               mc_w.l(memseta.o)
    0x08000208   0x08000208   0x0000000e   Code   RO         4568    .text               mc_w.l(strlen.o)
    0x08000216   0x08000216   0x00000002   PAD
    0x08000218   0x08000218   0x00000024   Code   RO         4865    .text               mc_w.l(init.o)
    0x0800023c   0x0800023c   0x0000001c   Code   RO         3915    i.ADC1_2_IRQHandler  stm32f3xx_it.o
    0x08000258   0x08000258   0x00000062   Code   RO          174    i.ADC_Disable       stm32f3xx_hal_adc_ex.o
    0x080002ba   0x080002ba   0x00000002   PAD
    0x080002bc   0x080002bc   0x00000060   Code   RO          175    i.ADC_Enable        stm32f3xx_hal_adc_ex.o
    0x0800031c   0x0800031c   0x0000006c   Code   RO         3916    i.EXTI0_IRQHandler  stm32f3xx_it.o
    0x08000388   0x08000388   0x000000e0   Code   RO         3917    i.EXTI1_IRQHandler  stm32f3xx_it.o
    0x08000468   0x08000468   0x000000f4   Code   RO         3918    i.EXTI2_TSC_IRQHandler  stm32f3xx_it.o
    0x0800055c   0x0800055c   0x000000e0   Code   RO         3919    i.EXTI3_IRQHandler  stm32f3xx_it.o
    0x0800063c   0x0800063c   0x000000e0   Code   RO         3920    i.EXTI9_5_IRQHandler  stm32f3xx_it.o
    0x0800071c   0x0800071c   0x00000002   Code   RO          180    i.HAL_ADCEx_InjectedConvCpltCallback  stm32f3xx_hal_adc_ex.o
    0x0800071e   0x0800071e   0x00000002   Code   RO          183    i.HAL_ADCEx_InjectedQueueOverflowCallback  stm32f3xx_hal_adc_ex.o
    0x08000720   0x08000720   0x00000002   Code   RO          188    i.HAL_ADCEx_LevelOutOfWindow2Callback  stm32f3xx_hal_adc_ex.o
    0x08000722   0x08000722   0x00000002   Code   RO          189    i.HAL_ADCEx_LevelOutOfWindow3Callback  stm32f3xx_hal_adc_ex.o
    0x08000724   0x08000724   0x00000114   Code   RO          190    i.HAL_ADCEx_MultiModeConfigChannel  stm32f3xx_hal_adc_ex.o
    0x08000838   0x08000838   0x00000394   Code   RO          199    i.HAL_ADC_ConfigChannel  stm32f3xx_hal_adc_ex.o
    0x08000bcc   0x08000bcc   0x00000002   Code   RO         2909    i.HAL_ADC_ConvCpltCallback  stm32f3xx_hal_adc.o
    0x08000bce   0x08000bce   0x00000002   Code   RO         2912    i.HAL_ADC_ErrorCallback  stm32f3xx_hal_adc.o
    0x08000bd0   0x08000bd0   0x00000006   Code   RO          201    i.HAL_ADC_GetValue  stm32f3xx_hal_adc_ex.o
    0x08000bd6   0x08000bd6   0x00000002   PAD
    0x08000bd8   0x08000bd8   0x00000328   Code   RO          202    i.HAL_ADC_IRQHandler  stm32f3xx_hal_adc_ex.o
    0x08000f00   0x08000f00   0x00000248   Code   RO          203    i.HAL_ADC_Init      stm32f3xx_hal_adc_ex.o
    0x08001148   0x08001148   0x00000002   Code   RO         2918    i.HAL_ADC_LevelOutOfWindowCallback  stm32f3xx_hal_adc.o
    0x0800114a   0x0800114a   0x00000002   PAD
    0x0800114c   0x0800114c   0x00000084   Code   RO         4138    i.HAL_ADC_MspInit   stm32f3xx_hal_msp.o
    0x080011d0   0x080011d0   0x00000150   Code   RO          206    i.HAL_ADC_Start     stm32f3xx_hal_adc_ex.o
    0x08001320   0x08001320   0x0000004a   Code   RO          985    i.HAL_DMA_Abort_IT  stm32f3xx_hal_dma.o
    0x0800136a   0x0800136a   0x00000002   PAD
    0x0800136c   0x0800136c   0x00000024   Code   RO         2701    i.HAL_Delay         stm32f3xx_hal.o
    0x08001390   0x08001390   0x00000002   Code   RO          435    i.HAL_GPIO_EXTI_Callback  stm32f3xx_hal_gpio.o
    0x08001392   0x08001392   0x00000002   PAD
    0x08001394   0x08001394   0x00000018   Code   RO          436    i.HAL_GPIO_EXTI_IRQHandler  stm32f3xx_hal_gpio.o
    0x080013ac   0x080013ac   0x00000188   Code   RO          437    i.HAL_GPIO_Init     stm32f3xx_hal_gpio.o
    0x08001534   0x08001534   0x0000000a   Code   RO          439    i.HAL_GPIO_ReadPin  stm32f3xx_hal_gpio.o
    0x0800153e   0x0800153e   0x0000000a   Code   RO          441    i.HAL_GPIO_WritePin  stm32f3xx_hal_gpio.o
    0x08001548   0x08001548   0x0000000c   Code   RO         2705    i.HAL_GetTick       stm32f3xx_hal.o
    0x08001554   0x08001554   0x00000056   Code   RO         3861    i.HAL_I2CEx_ConfigAnalogFilter  stm32f3xx_hal_i2c_ex.o
    0x080015aa   0x080015aa   0x00000052   Code   RO         3862    i.HAL_I2CEx_ConfigDigitalFilter  stm32f3xx_hal_i2c_ex.o
    0x080015fc   0x080015fc   0x000000b8   Code   RO          511    i.HAL_I2C_Init      stm32f3xx_hal_i2c.o
    0x080016b4   0x080016b4   0x0000004c   Code   RO         4140    i.HAL_I2C_MspInit   stm32f3xx_hal_msp.o
    0x08001700   0x08001700   0x00000010   Code   RO         2711    i.HAL_IncTick       stm32f3xx_hal.o
    0x08001710   0x08001710   0x00000024   Code   RO         2712    i.HAL_Init          stm32f3xx_hal.o
    0x08001734   0x08001734   0x00000040   Code   RO         2713    i.HAL_InitTick      stm32f3xx_hal.o
    0x08001774   0x08001774   0x00000070   Code   RO         4141    i.HAL_MspInit       stm32f3xx_hal_msp.o
    0x080017e4   0x080017e4   0x00000016   Code   RO         3342    i.HAL_NVIC_EnableIRQ  stm32f3xx_hal_cortex.o
    0x080017fa   0x080017fa   0x00000002   PAD
    0x080017fc   0x080017fc   0x00000040   Code   RO         3348    i.HAL_NVIC_SetPriority  stm32f3xx_hal_cortex.o
    0x0800183c   0x0800183c   0x00000024   Code   RO         3349    i.HAL_NVIC_SetPriorityGrouping  stm32f3xx_hal_cortex.o
    0x08001860   0x08001860   0x000000a6   Code   RO         3493    i.HAL_PCD_Init      stm32f3xx_hal_pcd.o
    0x08001906   0x08001906   0x00000002   PAD
    0x08001908   0x08001908   0x0000004c   Code   RO         4143    i.HAL_PCD_MspInit   stm32f3xx_hal_msp.o
    0x08001954   0x08001954   0x00000218   Code   RO         2867    i.HAL_RCCEx_PeriphCLKConfig  stm32f3xx_hal_rcc_ex.o
    0x08001b6c   0x08001b6c   0x00000188   Code   RO         3058    i.HAL_RCC_ClockConfig  stm32f3xx_hal_rcc.o
    0x08001cf4   0x08001cf4   0x0000000c   Code   RO         3063    i.HAL_RCC_GetHCLKFreq  stm32f3xx_hal_rcc.o
    0x08001d00   0x08001d00   0x00000030   Code   RO         3065    i.HAL_RCC_GetPCLK1Freq  stm32f3xx_hal_rcc.o
    0x08001d30   0x08001d30   0x00000030   Code   RO         3066    i.HAL_RCC_GetPCLK2Freq  stm32f3xx_hal_rcc.o
    0x08001d60   0x08001d60   0x00000064   Code   RO         3067    i.HAL_RCC_GetSysClockFreq  stm32f3xx_hal_rcc.o
    0x08001dc4   0x08001dc4   0x000005ac   Code   RO         3070    i.HAL_RCC_OscConfig  stm32f3xx_hal_rcc.o
    0x08002370   0x08002370   0x000000b6   Code   RO         1453    i.HAL_SPI_Init      stm32f3xx_hal_spi.o
    0x08002426   0x08002426   0x00000002   PAD
    0x08002428   0x08002428   0x00000048   Code   RO         4145    i.HAL_SPI_MspInit   stm32f3xx_hal_msp.o
    0x08002470   0x08002470   0x00000018   Code   RO         3351    i.HAL_SYSTICK_CLKSourceConfig  stm32f3xx_hal_cortex.o
    0x08002488   0x08002488   0x00000002   Code   RO         3352    i.HAL_SYSTICK_Callback  stm32f3xx_hal_cortex.o
    0x0800248a   0x0800248a   0x00000028   Code   RO         3353    i.HAL_SYSTICK_Config  stm32f3xx_hal_cortex.o
    0x080024b2   0x080024b2   0x00000008   Code   RO         3354    i.HAL_SYSTICK_IRQHandler  stm32f3xx_hal_cortex.o
    0x080024ba   0x080024ba   0x00000002   Code   RO         2415    i.HAL_TIMEx_Break2Callback  stm32f3xx_hal_tim_ex.o
    0x080024bc   0x080024bc   0x00000002   Code   RO         2416    i.HAL_TIMEx_BreakCallback  stm32f3xx_hal_tim_ex.o
    0x080024be   0x080024be   0x00000002   Code   RO         2417    i.HAL_TIMEx_CommutationCallback  stm32f3xx_hal_tim_ex.o
    0x080024c0   0x080024c0   0x00000058   Code   RO         2434    i.HAL_TIMEx_MasterConfigSynchronization  stm32f3xx_hal_tim_ex.o
    0x08002518   0x08002518   0x00000036   Code   RO         1771    i.HAL_TIM_Base_Init  stm32f3xx_hal_tim.o
    0x0800254e   0x0800254e   0x00000002   PAD
    0x08002550   0x08002550   0x00000060   Code   RO         4147    i.HAL_TIM_Base_MspInit  stm32f3xx_hal_msp.o
    0x080025b0   0x080025b0   0x00000018   Code   RO         1776    i.HAL_TIM_Base_Start_IT  stm32f3xx_hal_tim.o
    0x080025c8   0x080025c8   0x000000fc   Code   RO         1780    i.HAL_TIM_ConfigClockSource  stm32f3xx_hal_tim.o
    0x080026c4   0x080026c4   0x00000002   Code   RO         1802    i.HAL_TIM_IC_CaptureCallback  stm32f3xx_hal_tim.o
    0x080026c6   0x080026c6   0x00000184   Code   RO         1815    i.HAL_TIM_IRQHandler  stm32f3xx_hal_tim.o
    0x0800284a   0x0800284a   0x00000002   Code   RO         1818    i.HAL_TIM_OC_DelayElapsedCallback  stm32f3xx_hal_tim.o
    0x0800284c   0x0800284c   0x00000002   Code   RO         1845    i.HAL_TIM_PWM_PulseFinishedCallback  stm32f3xx_hal_tim.o
    0x0800284e   0x0800284e   0x00000002   Code   RO         1852    i.HAL_TIM_PeriodElapsedCallback  stm32f3xx_hal_tim.o
    0x08002850   0x08002850   0x00000002   Code   RO         1856    i.HAL_TIM_TriggerCallback  stm32f3xx_hal_tim.o
    0x08002852   0x08002852   0x00000002   Code   RO          933    i.HAL_UARTEx_WakeupCallback  stm32f3xx_hal_uart_ex.o
    0x08002854   0x08002854   0x00000002   Code   RO         1104    i.HAL_UART_ErrorCallback  stm32f3xx_hal_uart.o
    0x08002856   0x08002856   0x00000002   PAD
    0x08002858   0x08002858   0x00000140   Code   RO         1107    i.HAL_UART_IRQHandler  stm32f3xx_hal_uart.o
    0x08002998   0x08002998   0x0000006a   Code   RO         1108    i.HAL_UART_Init     stm32f3xx_hal_uart.o
    0x08002a02   0x08002a02   0x00000002   PAD
    0x08002a04   0x08002a04   0x0000005c   Code   RO         4149    i.HAL_UART_MspInit  stm32f3xx_hal_msp.o
    0x08002a60   0x08002a60   0x00000002   Code   RO         1114    i.HAL_UART_RxCpltCallback  stm32f3xx_hal_uart.o
    0x08002a62   0x08002a62   0x000000b4   Code   RO         1116    i.HAL_UART_Transmit  stm32f3xx_hal_uart.o
    0x08002b16   0x08002b16   0x00000002   Code   RO         1119    i.HAL_UART_TxCpltCallback  stm32f3xx_hal_uart.o
    0x08002b18   0x08002b18   0x00000048   Code   RO         4327    i.LiquidCrystal     liquidcrystal.o
    0x08002b60   0x08002b60   0x0000006c   Code   RO         4235    i.MX_ADC1_Init      main.o
    0x08002bcc   0x08002bcc   0x00000058   Code   RO         4236    i.MX_ADC2_Init      main.o
    0x08002c24   0x08002c24   0x000001e4   Code   RO         4237    i.MX_GPIO_Init      main.o
    0x08002e08   0x08002e08   0x00000050   Code   RO         4238    i.MX_I2C1_Init      main.o
    0x08002e58   0x08002e58   0x00000048   Code   RO         4239    i.MX_SPI1_Init      main.o
    0x08002ea0   0x08002ea0   0x00000054   Code   RO         4240    i.MX_TIM2_Init      main.o
    0x08002ef4   0x08002ef4   0x00000054   Code   RO         4241    i.MX_TIM3_Init      main.o
    0x08002f48   0x08002f48   0x00000038   Code   RO         4242    i.MX_USART1_UART_Init  main.o
    0x08002f80   0x08002f80   0x00000020   Code   RO         3355    i.NVIC_SetPriority  stm32f3xx_hal_cortex.o
    0x08002fa0   0x08002fa0   0x0000000e   Code   RO         3921    i.SysTick_Handler   stm32f3xx_it.o
    0x08002fae   0x08002fae   0x00000002   PAD
    0x08002fb0   0x08002fb0   0x00000090   Code   RO         4243    i.SystemClock_Config  main.o
    0x08003040   0x08003040   0x00000068   Code   RO         4525    i.SystemInit        system_stm32f3xx.o
    0x080030a8   0x080030a8   0x000001ec   Code   RO         3922    i.TIM2_IRQHandler   stm32f3xx_it.o
    0x08003294   0x08003294   0x00000014   Code   RO         3923    i.TIM3_IRQHandler   stm32f3xx_it.o
    0x080032a8   0x080032a8   0x000000b0   Code   RO         1857    i.TIM_Base_SetConfig  stm32f3xx_hal_tim.o
    0x08003358   0x08003358   0x00000014   Code   RO         1864    i.TIM_ETR_SetConfig  stm32f3xx_hal_tim.o
    0x0800336c   0x0800336c   0x00000010   Code   RO         1865    i.TIM_ITRx_SetConfig  stm32f3xx_hal_tim.o
    0x0800337c   0x0800337c   0x00000022   Code   RO         1871    i.TIM_TI1_ConfigInputStage  stm32f3xx_hal_tim.o
    0x0800339e   0x0800339e   0x00000024   Code   RO         1873    i.TIM_TI2_ConfigInputStage  stm32f3xx_hal_tim.o
    0x080033c2   0x080033c2   0x000000c8   Code   RO         1121    i.UART_AdvFeatureConfig  stm32f3xx_hal_uart.o
    0x0800348a   0x0800348a   0x0000005c   Code   RO         1122    i.UART_CheckIdleState  stm32f3xx_hal_uart.o
    0x080034e6   0x080034e6   0x00000014   Code   RO         1123    i.UART_DMAAbortOnError  stm32f3xx_hal_uart.o
    0x080034fa   0x080034fa   0x0000001c   Code   RO         1133    i.UART_EndRxTransfer  stm32f3xx_hal_uart.o
    0x08003516   0x08003516   0x0000001a   Code   RO         1134    i.UART_EndTransmit_IT  stm32f3xx_hal_uart.o
    0x08003530   0x08003530   0x00000076   Code   RO         1136    i.UART_Receive_IT   stm32f3xx_hal_uart.o
    0x080035a6   0x080035a6   0x00000002   PAD
    0x080035a8   0x080035a8   0x000001d4   Code   RO         1137    i.UART_SetConfig    stm32f3xx_hal_uart.o
    0x0800377c   0x0800377c   0x00000064   Code   RO         1138    i.UART_Transmit_IT  stm32f3xx_hal_uart.o
    0x080037e0   0x080037e0   0x00000064   Code   RO         1139    i.UART_WaitOnFlagUntilTimeout  stm32f3xx_hal_uart.o
    0x08003844   0x08003844   0x0000000c   Code   RO         3924    i.USART1_IRQHandler  stm32f3xx_it.o
    0x08003850   0x08003850   0x0000000e   Code   RO         4877    i.__scatterload_copy  mc_w.l(handlers.o)
    0x0800385e   0x0800385e   0x00000002   Code   RO         4878    i.__scatterload_null  mc_w.l(handlers.o)
    0x08003860   0x08003860   0x0000000e   Code   RO         4879    i.__scatterload_zeroinit  mc_w.l(handlers.o)
    0x0800386e   0x0800386e   0x00000002   PAD
    0x08003870   0x08003870   0x00000138   Code   RO         4329    i.begin             liquidcrystal.o
    0x080039a8   0x080039a8   0x00000044   Code   RO         3925    i.checkMap          stm32f3xx_it.o
    0x080039ec   0x080039ec   0x00000012   Code   RO         4331    i.clear             liquidcrystal.o
    0x080039fe   0x080039fe   0x00000006   Code   RO         4495    i.command           liquidcrystal.o
    0x08003a04   0x08003a04   0x00000024   Code   RO         4332    i.createChar        liquidcrystal.o
    0x08003a28   0x08003a28   0x00000018   Code   RO         4334    i.display           liquidcrystal.o
    0x08003a40   0x08003a40   0x000000ac   Code   RO         4335    i.enableClock       liquidcrystal.o
    0x08003aec   0x08003aec   0x00000018   Code   RO         3926    i.fuelUp            stm32f3xx_it.o
    0x08003b04   0x08003b04   0x00000098   Code   RO         3927    i.genNewLine        stm32f3xx_it.o
    0x08003b9c   0x08003b9c   0x00000016   Code   RO         3928    i.getADCValue       stm32f3xx_it.o
    0x08003bb2   0x08003bb2   0x00000020   Code   RO         3929    i.getRand           stm32f3xx_it.o
    0x08003bd2   0x08003bd2   0x00000002   PAD
    0x08003bd4   0x08003bd4   0x00000054   Code   RO         3930    i.goDown            stm32f3xx_it.o
    0x08003c28   0x08003c28   0x00000034   Code   RO         3931    i.goLeft            stm32f3xx_it.o
    0x08003c5c   0x08003c5c   0x00000034   Code   RO         3932    i.goRight           stm32f3xx_it.o
    0x08003c90   0x08003c90   0x0000005c   Code   RO         3933    i.goUp              stm32f3xx_it.o
    0x08003cec   0x08003cec   0x00000012   Code   RO         4336    i.home              liquidcrystal.o
    0x08003cfe   0x08003cfe   0x00000002   PAD
    0x08003d00   0x08003d00   0x00000050   Code   RO         4337    i.init              liquidcrystal.o
    0x08003d50   0x08003d50   0x0000002c   Code   RO         3935    i.lose              stm32f3xx_it.o
    0x08003d7c   0x08003d7c   0x000000f8   Code   RO         4245    i.main              main.o
    0x08003e74   0x08003e74   0x00000028   Code   RO         4343    i.print             liquidcrystal.o
    0x08003e9c   0x08003e9c   0x00000018   Code   RO         4246    i.printAt           main.o
    0x08003eb4   0x08003eb4   0x0000009c   Code   RO         3936    i.printMap          stm32f3xx_it.o
    0x08003f50   0x08003f50   0x00000038   Code   RO         3938    i.printSpaceShip    stm32f3xx_it.o
    0x08003f88   0x08003f88   0x0000003c   Code   RO         4344    i.pulseEnable       liquidcrystal.o
    0x08003fc4   0x08003fc4   0x0000004c   Code   RO         3939    i.resetGame         stm32f3xx_it.o
    0x08004010   0x08004010   0x00000054   Code   RO         3940    i.save              stm32f3xx_it.o
    0x08004064   0x08004064   0x00000010   Code   RO         3941    i.saveLastPos       stm32f3xx_it.o
    0x08004074   0x08004074   0x00000018   Code   RO         3942    i.saveMenu          stm32f3xx_it.o
    0x0800408c   0x0800408c   0x00000044   Code   RO         3943    i.scrollMap         stm32f3xx_it.o
    0x080040d0   0x080040d0   0x00000044   Code   RO         4348    i.send              liquidcrystal.o
    0x08004114   0x08004114   0x00000028   Code   RO         4349    i.setCursor         liquidcrystal.o
    0x0800413c   0x0800413c   0x00000014   Code   RO         4350    i.setRowOffsets     liquidcrystal.o
    0x08004150   0x08004150   0x000000c4   Code   RO         3945    i.showFuel          stm32f3xx_it.o
    0x08004214   0x08004214   0x000002a0   Code   RO         3946    i.showSpeed         stm32f3xx_it.o
    0x080044b4   0x080044b4   0x00000020   Code   RO         3947    i.slowDown          stm32f3xx_it.o
    0x080044d4   0x080044d4   0x0000000c   Code   RO         4500    i.write             liquidcrystal.o
    0x080044e0   0x080044e0   0x00000034   Code   RO         4351    i.write4bits        liquidcrystal.o
    0x08004514   0x08004514   0x00000034   Code   RO         4352    i.write8bits        liquidcrystal.o
    0x08004548   0x08004548   0x00000018   Code   RO         4247    i.writeAt           main.o
    0x08004560   0x08004560   0x00000020   Data   RO         3071    .constdata          stm32f3xx_hal_rcc.o
    0x08004580   0x08004580   0x00000010   Data   RO         4526    .constdata          system_stm32f3xx.o
    0x08004590   0x08004590   0x00000008   Data   RO         4527    .constdata          system_stm32f3xx.o
    0x08004598   0x08004598   0x00000020   Data   RO         4875    Region$$Table       anon$$obj.o


    Execution Region RW_IRAM1 (Exec base: 0x20000000, Load base: 0x080045b8, Size: 0x00000b50, Max: 0x0000a000, ABSOLUTE)

    Exec Addr    Load Addr    Size         Type   Attr      Idx    E Section Name        Object

    0x20000000   0x080045b8   0x0000000c   Data   RW         2719    .data               stm32f3xx_hal.o
    0x2000000c   0x080045c4   0x0000005c   Data   RW         3949    .data               stm32f3xx_it.o
    0x20000068   0x08004620   0x00000004   Data   RW         4150    .data               stm32f3xx_hal_msp.o
    0x2000006c   0x08004624   0x00000028   Data   RW         4249    .data               main.o
    0x20000094   0x0800464c   0x00000014   Data   RW         4354    .data               liquidcrystal.o
    0x200000a8   0x08004660   0x00000004   Data   RW         4528    .data               system_stm32f3xx.o
    0x200000ac        -       0x000000a0   Zero   RW         3948    .bss                stm32f3xx_it.o
    0x2000014c        -       0x000005f0   Zero   RW         4248    .bss                main.o
    0x2000073c        -       0x00000010   Zero   RW         4353    .bss                liquidcrystal.o
    0x2000074c   0x08004664   0x00000004   PAD
    0x20000750        -       0x00000400   Zero   RW            1    STACK               startup_stm32f303xc.o


==============================================================================

Image component sizes


      Code (inc. data)   RO Data    RW Data    ZI Data      Debug   Object Name

      1082         94          0         20         16      13347   liquidcrystal.o
      1496        124          0         40       1520       8599   main.o
        36          8        392          0       1024        820   startup_stm32f303xc.o
       164         28          0         12          0       3865   stm32f3xx_hal.o
         6          0          0          0          0       1978   stm32f3xx_hal_adc.o
      3128        126          0          0          0      11153   stm32f3xx_hal_adc_ex.o
       228         14          0          0          0      32001   stm32f3xx_hal_cortex.o
        74          0          0          0          0       1051   stm32f3xx_hal_dma.o
       438         34          0          0          0       4119   stm32f3xx_hal_gpio.o
       184          6          0          0          0       2955   stm32f3xx_hal_i2c.o
       168          0          0          0          0       1863   stm32f3xx_hal_i2c_ex.o
       656         76          0          4          0       5080   stm32f3xx_hal_msp.o
       166          0          0          0          0       1425   stm32f3xx_hal_pcd.o
         0          0          0          0          0     647324   stm32f3xx_hal_pcd_ex.o
      2052         80         32          0          0       6168   stm32f3xx_hal_rcc.o
       536         14          0          0          0       1564   stm32f3xx_hal_rcc_ex.o
       182          0          0          0          0       1223   stm32f3xx_hal_spi.o
      1010         36          0          0          0      10261   stm32f3xx_hal_tim.o
        94         10          0          0          0       3001   stm32f3xx_hal_tim_ex.o
      1764         58          0          0          0      11915   stm32f3xx_hal_uart.o
         2          0          0          0          0        900   stm32f3xx_hal_uart_ex.o
      3592        306          0         92        160      19085   stm32f3xx_it.o
       104         22         24          4          0       1115   system_stm32f3xx.o

    ----------------------------------------------------------------------
     17192       1036        480        172       2724     790812   Object Totals
         0          0         32          0          0          0   (incl. Generated)
        30          0          0          0          4          0   (incl. Padding)

    ----------------------------------------------------------------------

      Code (inc. data)   RO Data    RW Data    ZI Data      Debug   Library Member Name

         0          0          0          0          0          0   entry.o
         0          0          0          0          0          0   entry10a.o
         0          0          0          0          0          0   entry11a.o
         8          4          0          0          0          0   entry2.o
         4          0          0          0          0          0   entry5.o
         0          0          0          0          0          0   entry7b.o
         0          0          0          0          0          0   entry8b.o
         8          4          0          0          0          0   entry9a.o
        30          0          0          0          0          0   handlers.o
        36          8          0          0          0         68   init.o
        36          0          0          0          0         68   memcpya.o
        36          0          0          0          0        108   memseta.o
        14          0          0          0          0         68   strlen.o

    ----------------------------------------------------------------------
       176         16          0          0          0        312   Library Totals
         4          0          0          0          0          0   (incl. Padding)

    ----------------------------------------------------------------------

      Code (inc. data)   RO Data    RW Data    ZI Data      Debug   Library Name

       172         16          0          0          0        312   mc_w.l

    ----------------------------------------------------------------------
       176         16          0          0          0        312   Library Totals

    ----------------------------------------------------------------------

==============================================================================


      Code (inc. data)   RO Data    RW Data    ZI Data      Debug   

     17368       1052        480        172       2724     777176   Grand Totals
     17368       1052        480        172       2724     777176   ELF Image Totals
     17368       1052        480        172          0          0   ROM Totals

==============================================================================

    Total RO  Size (Code + RO Data)                17848 (  17.43kB)
    Total RW  Size (RW Data + ZI Data)              2896 (   2.83kB)
    Total ROM Size (Code + RO Data + RW Data)      18020 (  17.60kB)

==============================================================================

